INFO: [Common 17-3922] A valid Vivado Design Suite BASIC license has been detected. Your current license is active and will expire on 20-aug-2027.
#-----------------------------------------------------------
# Vivado v2026.1 (64-bit)
# SW Build 6511674 on Tue Jun 16 11:02:23 MDT 2026
# IP Build 6504888 on Tue Jun 09 09:05:25 MDT 2026
# SharedData Build 6501428 on Mon Jun 08 17:34:18 MDT 2026
# Start of session at: Wed Sep  9 13:40:02 2026
# Process ID         : 6540
# Current directory  : C:/Users/cargi/Documents/1Fa26/SD/digital_effects_2026-1
# Command line       : vivado.exe -gui_launcher_event rodinguilauncherevent24796 C:\Users\cargi\Documents\1Fa26\SD\digital_effects_2026-1\digital_effects_2026-1.xpr
# Log file           : C:/Users/cargi/Documents/1Fa26/SD/digital_effects_2026-1/vivado.log
# Journal file       : C:/Users/cargi/Documents/1Fa26/SD/digital_effects_2026-1\vivado.jou
# Running On         : MostlyEtc
# Platform           : Windows 11
# Operating System   : 26200
# Processor Detail   : 12th Gen Intel(R) Core(TM) i7-12700H
# CPU Frequency      : 2688 MHz
# CPU Physical cores : 14
# CPU Logical cores  : 20
# Host memory        : 16834 MB
# Swap memory        : 16106 MB
# Total Virtual      : 32941 MB
# Available Virtual  : 16004 MB
#-----------------------------------------------------------
start_gui
open_project C:/Users/cargi/Documents/1Fa26/SD/digital_effects_2026-1/digital_effects_2026-1.xpr
WARNING: [filemgmt 56-3] IP Repository Path: Could not find the directory 'C:/Users/cargi/Documents/1Fa26/SD/ip_repo/delay_axi_wrapper_1_0'.
WARNING: [filemgmt 56-3] IP Repository Path: Could not find the directory 'C:/Users/cargi/Documents/1Fa26/SD/ip_repo/delay_1_0'.
Scanning sources...
Finished scanning sources
INFO: [IP_Flow 19-234] Refreshing IP repositories
WARNING: [IP_Flow 19-2248] Failed to load user IP repository 'c:/Users/cargi/Documents/1Fa26/SD/ip_repo/delay_axi_wrapper_1_0'; Can't find the specified path.
If this directory should no longer be in your list of user repositories, go to the IP Settings dialog and remove it.
WARNING: [IP_Flow 19-2248] Failed to load user IP repository 'c:/Users/cargi/Documents/1Fa26/SD/ip_repo/delay_1_0'; Can't find the specified path.
If this directory should no longer be in your list of user repositories, go to the IP Settings dialog and remove it.
INFO: [IP_Flow 19-2313] Loaded Vivado IP repository 'C:/AMDDesignTools/2026.1/Vivado/data/ip'.
WARNING: [BD 41-1661] One or more IPs have been locked in the design 'design_1.bd'. Please run report_ip_status for more details and recommendations on how to fix this issue.
List of locked IPs:
design_1_delay_axi_wrapper_0_0

open_project: Time (s): cpu = 00:01:38 ; elapsed = 00:01:25 . Memory (MB): peak = 1772.805 ; gain = 383.734
exit
INFO: [Common 17-206] Exiting Vivado at Wed Sep  9 13:42:38 2026...
ocuments/1Fa26/SD/digital_effects_2026-1/digital_effects_2026-1.srcs/sources_1/bd/design_1/design_1.bd}
Reading block design file <C:/Users/cargi/Documents/1Fa26/SD/digital_effects_2026-1/digital_effects_2026-1.srcs/sources_1/bd/design_1/design_1.bd>...
Adding component instance block -- xilinx.com:ip:processing_system7:5.5 - processing_system7_0
Adding component instance block -- xilinx.com:ip:clk_wiz:6.0 - clk_wiz_0
Adding component instance block -- xilinx.com:module_ref:bclk_div:1.0 - bclk_div_0
Adding component instance block -- xilinx.com:module_ref:i2s_rx:1.0 - i2s_rx_0
Adding component instance block -- xilinx.com:module_ref:i2s_tx:1.0 - i2s_tx_0
Adding component instance block -- xilinx.com:inline_hdl:ilconstant:1.0 - ilconstant_0
Adding component instance block -- xilinx.com:inline_hdl:ilconstant:1.0 - ilconstant_1
Adding component instance block -- xilinx.com:user:delay_axi_wrapper:1.0 - delay_axi_wrapper_0
Adding component instance block -- xilinx.com:ip:smartconnect:1.0 - axi_smc
Adding component instance block -- xilinx.com:ip:proc_sys_reset:5.0 - rst_ps7_0_50M
Successfully read diagram <design_1> from block design file <C:/Users/cargi/Documents/1Fa26/SD/digital_effects_2026-1/digital_effects_2026-1.srcs/sources_1/bd/design_1/design_1.bd>
open_bd_design: Time (s): cpu = 00:00:11 ; elapsed = 00:00:08 . Memory (MB): peak = 2076.840 ; gain = 262.379
set_property  ip_repo_paths  c:/Users/cargi/Documents/1Fa26/SD/ip_repo/delay_1_0 [current_project]
update_ip_catalog
INFO: [IP_Flow 19-234] Refreshing IP repositories
WARNING: [IP_Flow 19-2248] Failed to load user IP repository 'c:/Users/cargi/Documents/1Fa26/SD/ip_repo/delay_1_0'; Can't find the specified path.
If this directory should no longer be in your list of user repositories, go to the IP Settings dialog and remove it.
set_property  ip_repo_paths  {} [current_project]
update_ip_catalog
INFO: [IP_Flow 19-234] Refreshing IP repositories
INFO: [IP_Flow 19-1704] No user IP repositories specified
set_property  ip_repo_paths  C:/Users/cargi/Documents/1Fa26/SD/digital_effects_2026-1/ip_repo [current_project]
update_ip_catalog
INFO: [IP_Flow 19-234] Refreshing IP repositories
INFO: [IP_Flow 19-1700] Loaded user IP repository 'c:/Users/cargi/Documents/1Fa26/SD/digital_effects_2026-1/ip_repo'.
ipx::edit_ip_in_project -upgrade true -name delay_axi_wrapper_v1_0_project -directory C:/Users/cargi/Documents/1Fa26/SD/digital_effects_2026-1/digital_effects_2026-1.tmp/delay_axi_wrapper_v1_0_project c:/Users/cargi/Documents/1Fa26/SD/digital_effects_2026-1/ip_repo/delay_axi_wrapper_1_0/component.xml
INFO: [ProjectBase 1-489] The host OS only allows 260 characters in a normal path. The project is stored in a path with more than 80 characters. If you experience issues with IP, Block Designs, or files not being found, please consider moving the project to a location with a shorter path. Alternately consider using the OS subst command to map part of the path to a drive letter.
Current project path is 'c:/users/cargi/documents/1fa26/sd/digital_effects_2026-1/digital_effects_2026-1.tmp/delay_axi_wrapper_v1_0_project'
INFO: [IP_Flow 19-234] Refreshing IP repositories
INFO: [IP_Flow 19-1704] No user IP repositories specified
INFO: [IP_Flow 19-2313] Loaded Vivado IP repository 'C:/AMDDesignTools/2026.1/Vivado/data/ip'.
INFO: [IP_Flow 19-234] Refreshing IP repositories
INFO: [IP_Flow 19-1700] Loaded user IP repository 'c:/Users/cargi/Documents/1Fa26/SD/digital_effects_2026-1/ip_repo'.
INFO: [IP_Flow 19-795] Syncing license key meta-data
CRITICAL WARNING: [IP_Flow 19-3667] Component file 'c:/Users/cargi/Documents/1Fa26/SD/digital_effects_2026-1/digital_effects_2026-1/digital_effects_2026-1.srcs/sources_1/new/delay.sv' does not exist. The file is ignored.
CRITICAL WARNING: [IP_Flow 19-3667] Component file 'c:/Users/cargi/Documents/1Fa26/SD/digital_effects_2026-1/digital_effects_2026-1/digital_effects_2026-1.srcs/sources_1/new/delay.sv' does not exist. The file is ignored.
update_compile_order -fileset sources_1
close_project
exit
INFO: [Common 17-206] Exiting Vivado at Wed Sep  9 13:46:58 2026...
