
*** Running vivado
    with args -log design_1_wrapper.vds -m64 -product Vivado -mode batch -messageDb vivado.pb -notrace -source design_1_wrapper.tcl


INFO: [Common 17-3922] A valid Vivado Design Suite BASIC license has been detected. Your current license is active and will expire on 20-aug-2027.
#-----------------------------------------------------------
# Vivado v2026.1 (64-bit)
# SW Build 6511674 on Tue Jun 16 11:02:23 MDT 2026
# IP Build 6504888 on Tue Jun 09 09:05:25 MDT 2026
# SharedData Build 6501428 on Mon Jun 08 17:34:18 MDT 2026
# Start of session at: Tue Aug 25 15:26:16 2026
# Process ID         : 6124
# Current directory  : C:/Users/cargi/Documents/1Fa26/SD/digital_effects_2026-1/digital_effects_2026-1.runs/synth_1
# Command line       : vivado.exe -log design_1_wrapper.vds -product Vivado -mode batch -messageDb vivado.pb -notrace -source design_1_wrapper.tcl
# Log file           : C:/Users/cargi/Documents/1Fa26/SD/digital_effects_2026-1/digital_effects_2026-1.runs/synth_1/design_1_wrapper.vds
# Journal file       : C:/Users/cargi/Documents/1Fa26/SD/digital_effects_2026-1/digital_effects_2026-1.runs/synth_1\vivado.jou
# Running On         : MostlyEtc
# Platform           : Windows 11
# Operating System   : 26200
# Processor Detail   : 12th Gen Intel(R) Core(TM) i7-12700H
# CPU Frequency      : 2688 MHz
# CPU Physical cores : 14
# CPU Logical cores  : 20
# Host memory        : 16834 MB
# Swap memory        : 17179 MB
# Total Virtual      : 34014 MB
# Available Virtual  : 9489 MB
#-----------------------------------------------------------

****** Vivado v2026.1 (64-bit)
  **** SW Build 6511674 on Tue Jun 16 11:02:23 MDT 2026
  **** IP Build 6504888 on Tue Jun 09 09:05:25 MDT 2026
  **** SharedData Build 6501428 on Mon Jun 08 17:34:18 MDT 2026
  **** Start of session at: Tue Aug 25 15:26:16 2026
    ** Copyright 1986-2022 Xilinx, Inc. All Rights Reserved.
    ** Copyright 2022-2026 Advanced Micro Devices, Inc. All Rights Reserved.

source design_1_wrapper.tcl -notrace
create_project: Time (s): cpu = 00:00:13 ; elapsed = 00:00:09 . Memory (MB): peak = 583.156 ; gain = 270.855
INFO: [IP_Flow 19-234] Refreshing IP repositories
INFO: [IP_Flow 19-1704] No user IP repositories specified
INFO: [IP_Flow 19-2313] Loaded Vivado IP repository 'C:/AMDDesignTools/2026.1/Vivado/data/ip'.
Command: synth_design -top design_1_wrapper -part xc7z010clg400-1
Starting synth_design
Attempting to get a license for feature 'Vivado_Synthesis' and/or device 'xc7z010'
INFO: [Common 17-349] Got license for feature 'Vivado_Synthesis' and/or device 'xc7z010'
INFO: [Device 21-403] Loading part xc7z010clg400-1
INFO: [Designutils 20-5008] Incremental synthesis strategy default
INFO: [Synth 8-7079] Multithreading enabled for synth_design using a maximum of 2 processes.
INFO: [Synth 8-7078] Launching helper process for spawning children vivado processes
INFO: [Synth 8-7075] Helper process launched with PID 11340
---------------------------------------------------------------------------------
Starting RTL Elaboration : Time (s): cpu = 00:00:05 ; elapsed = 00:00:06 . Memory (MB): peak = 1389.859 ; gain = 577.035
---------------------------------------------------------------------------------
INFO: [Synth 8-6157] synthesizing module 'design_1_wrapper' [C:/Users/cargi/Documents/1Fa26/SD/digital_effects_2026-1/digital_effects_2026-1.gen/sources_1/bd/design_1/hdl/design_1_wrapper.v:13]
INFO: [Synth 8-6157] synthesizing module 'IOBUF' [C:/AMDDesignTools/2026.1/Vivado/scripts/rt/data/unisim_comp.v:87508]
INFO: [Synth 8-6155] done synthesizing module 'IOBUF' (0#1) [C:/AMDDesignTools/2026.1/Vivado/scripts/rt/data/unisim_comp.v:87508]
INFO: [Synth 8-6157] synthesizing module 'design_1' [c:/Users/cargi/Documents/1Fa26/SD/digital_effects_2026-1/digital_effects_2026-1.gen/sources_1/bd/design_1/synth/design_1.v:13]
INFO: [Synth 8-6157] synthesizing module 'design_1_bclk_div_0_0' [C:/Users/cargi/Documents/1Fa26/SD/digital_effects_2026-1/digital_effects_2026-1.runs/synth_1/.Xil/Vivado-6124-MostlyEtc/realtime/design_1_bclk_div_0_0_stub.v:6]
INFO: [Synth 8-6155] done synthesizing module 'design_1_bclk_div_0_0' (0#1) [C:/Users/cargi/Documents/1Fa26/SD/digital_effects_2026-1/digital_effects_2026-1.runs/synth_1/.Xil/Vivado-6124-MostlyEtc/realtime/design_1_bclk_div_0_0_stub.v:6]
INFO: [Synth 8-6157] synthesizing module 'design_1_clk_wiz_0_0' [C:/Users/cargi/Documents/1Fa26/SD/digital_effects_2026-1/digital_effects_2026-1.runs/synth_1/.Xil/Vivado-6124-MostlyEtc/realtime/design_1_clk_wiz_0_0_stub.v:6]
INFO: [Synth 8-6155] done synthesizing module 'design_1_clk_wiz_0_0' (0#1) [C:/Users/cargi/Documents/1Fa26/SD/digital_effects_2026-1/digital_effects_2026-1.runs/synth_1/.Xil/Vivado-6124-MostlyEtc/realtime/design_1_clk_wiz_0_0_stub.v:6]
WARNING: [Synth 8-7071] port 'locked' of module 'design_1_clk_wiz_0_0' is unconnected for instance 'clk_wiz_0' [c:/Users/cargi/Documents/1Fa26/SD/digital_effects_2026-1/digital_effects_2026-1.gen/sources_1/bd/design_1/synth/design_1.v:135]
WARNING: [Synth 8-7023] instance 'clk_wiz_0' of module 'design_1_clk_wiz_0_0' has 4 connections declared, but only 3 given [c:/Users/cargi/Documents/1Fa26/SD/digital_effects_2026-1/digital_effects_2026-1.gen/sources_1/bd/design_1/synth/design_1.v:135]
INFO: [Synth 8-6157] synthesizing module 'design_1_delay_0_0' [C:/Users/cargi/Documents/1Fa26/SD/digital_effects_2026-1/digital_effects_2026-1.runs/synth_1/.Xil/Vivado-6124-MostlyEtc/realtime/design_1_delay_0_0_stub.v:6]
INFO: [Synth 8-6155] done synthesizing module 'design_1_delay_0_0' (0#1) [C:/Users/cargi/Documents/1Fa26/SD/digital_effects_2026-1/digital_effects_2026-1.runs/synth_1/.Xil/Vivado-6124-MostlyEtc/realtime/design_1_delay_0_0_stub.v:6]
INFO: [Synth 8-6157] synthesizing module 'design_1_i2s_rx_0_0' [C:/Users/cargi/Documents/1Fa26/SD/digital_effects_2026-1/digital_effects_2026-1.runs/synth_1/.Xil/Vivado-6124-MostlyEtc/realtime/design_1_i2s_rx_0_0_stub.v:6]
INFO: [Synth 8-6155] done synthesizing module 'design_1_i2s_rx_0_0' (0#1) [C:/Users/cargi/Documents/1Fa26/SD/digital_effects_2026-1/digital_effects_2026-1.runs/synth_1/.Xil/Vivado-6124-MostlyEtc/realtime/design_1_i2s_rx_0_0_stub.v:6]
INFO: [Synth 8-6157] synthesizing module 'design_1_i2s_tx_0_0' [C:/Users/cargi/Documents/1Fa26/SD/digital_effects_2026-1/digital_effects_2026-1.runs/synth_1/.Xil/Vivado-6124-MostlyEtc/realtime/design_1_i2s_tx_0_0_stub.v:6]
INFO: [Synth 8-6155] done synthesizing module 'design_1_i2s_tx_0_0' (0#1) [C:/Users/cargi/Documents/1Fa26/SD/digital_effects_2026-1/digital_effects_2026-1.runs/synth_1/.Xil/Vivado-6124-MostlyEtc/realtime/design_1_i2s_tx_0_0_stub.v:6]
INFO: [Synth 8-6157] synthesizing module 'design_1_processing_system7_0_0' [C:/Users/cargi/Documents/1Fa26/SD/digital_effects_2026-1/digital_effects_2026-1.runs/synth_1/.Xil/Vivado-6124-MostlyEtc/realtime/design_1_processing_system7_0_0_stub.v:6]
INFO: [Synth 8-6155] done synthesizing module 'design_1_processing_system7_0_0' (0#1) [C:/Users/cargi/Documents/1Fa26/SD/digital_effects_2026-1/digital_effects_2026-1.runs/synth_1/.Xil/Vivado-6124-MostlyEtc/realtime/design_1_processing_system7_0_0_stub.v:6]
WARNING: [Synth 8-7071] port 'USB0_PORT_INDCTL' of module 'design_1_processing_system7_0_0' is unconnected for instance 'processing_system7_0' [c:/Users/cargi/Documents/1Fa26/SD/digital_effects_2026-1/digital_effects_2026-1.gen/sources_1/bd/design_1/synth/design_1.v:163]
WARNING: [Synth 8-7071] port 'USB0_VBUS_PWRSELECT' of module 'design_1_processing_system7_0_0' is unconnected for instance 'processing_system7_0' [c:/Users/cargi/Documents/1Fa26/SD/digital_effects_2026-1/digital_effects_2026-1.gen/sources_1/bd/design_1/synth/design_1.v:163]
WARNING: [Synth 8-7071] port 'M_AXI_GP0_ARVALID' of module 'design_1_processing_system7_0_0' is unconnected for instance 'processing_system7_0' [c:/Users/cargi/Documents/1Fa26/SD/digital_effects_2026-1/digital_effects_2026-1.gen/sources_1/bd/design_1/synth/design_1.v:163]
WARNING: [Synth 8-7071] port 'M_AXI_GP0_AWVALID' of module 'design_1_processing_system7_0_0' is unconnected for instance 'processing_system7_0' [c:/Users/cargi/Documents/1Fa26/SD/digital_effects_2026-1/digital_effects_2026-1.gen/sources_1/bd/design_1/synth/design_1.v:163]
WARNING: [Synth 8-7071] port 'M_AXI_GP0_BREADY' of module 'design_1_processing_system7_0_0' is unconnected for instance 'processing_system7_0' [c:/Users/cargi/Documents/1Fa26/SD/digital_effects_2026-1/digital_effects_2026-1.gen/sources_1/bd/design_1/synth/design_1.v:163]
WARNING: [Synth 8-7071] port 'M_AXI_GP0_RREADY' of module 'design_1_processing_system7_0_0' is unconnected for instance 'processing_system7_0' [c:/Users/cargi/Documents/1Fa26/SD/digital_effects_2026-1/digital_effects_2026-1.gen/sources_1/bd/design_1/synth/design_1.v:163]
WARNING: [Synth 8-7071] port 'M_AXI_GP0_WLAST' of module 'design_1_processing_system7_0_0' is unconnected for instance 'processing_system7_0' [c:/Users/cargi/Documents/1Fa26/SD/digital_effects_2026-1/digital_effects_2026-1.gen/sources_1/bd/design_1/synth/design_1.v:163]
WARNING: [Synth 8-7071] port 'M_AXI_GP0_WVALID' of module 'design_1_processing_system7_0_0' is unconnected for instance 'processing_system7_0' [c:/Users/cargi/Documents/1Fa26/SD/digital_effects_2026-1/digital_effects_2026-1.gen/sources_1/bd/design_1/synth/design_1.v:163]
WARNING: [Synth 8-7071] port 'M_AXI_GP0_ARID' of module 'design_1_processing_system7_0_0' is unconnected for instance 'processing_system7_0' [c:/Users/cargi/Documents/1Fa26/SD/digital_effects_2026-1/digital_effects_2026-1.gen/sources_1/bd/design_1/synth/design_1.v:163]
WARNING: [Synth 8-7071] port 'M_AXI_GP0_AWID' of module 'design_1_processing_system7_0_0' is unconnected for instance 'processing_system7_0' [c:/Users/cargi/Documents/1Fa26/SD/digital_effects_2026-1/digital_effects_2026-1.gen/sources_1/bd/design_1/synth/design_1.v:163]
WARNING: [Synth 8-7071] port 'M_AXI_GP0_WID' of module 'design_1_processing_system7_0_0' is unconnected for instance 'processing_system7_0' [c:/Users/cargi/Documents/1Fa26/SD/digital_effects_2026-1/digital_effects_2026-1.gen/sources_1/bd/design_1/synth/design_1.v:163]
WARNING: [Synth 8-7071] port 'M_AXI_GP0_ARBURST' of module 'design_1_processing_system7_0_0' is unconnected for instance 'processing_system7_0' [c:/Users/cargi/Documents/1Fa26/SD/digital_effects_2026-1/digital_effects_2026-1.gen/sources_1/bd/design_1/synth/design_1.v:163]
WARNING: [Synth 8-7071] port 'M_AXI_GP0_ARLOCK' of module 'design_1_processing_system7_0_0' is unconnected for instance 'processing_system7_0' [c:/Users/cargi/Documents/1Fa26/SD/digital_effects_2026-1/digital_effects_2026-1.gen/sources_1/bd/design_1/synth/design_1.v:163]
WARNING: [Synth 8-7071] port 'M_AXI_GP0_ARSIZE' of module 'design_1_processing_system7_0_0' is unconnected for instance 'processing_system7_0' [c:/Users/cargi/Documents/1Fa26/SD/digital_effects_2026-1/digital_effects_2026-1.gen/sources_1/bd/design_1/synth/design_1.v:163]
WARNING: [Synth 8-7071] port 'M_AXI_GP0_AWBURST' of module 'design_1_processing_system7_0_0' is unconnected for instance 'processing_system7_0' [c:/Users/cargi/Documents/1Fa26/SD/digital_effects_2026-1/digital_effects_2026-1.gen/sources_1/bd/design_1/synth/design_1.v:163]
WARNING: [Synth 8-7071] port 'M_AXI_GP0_AWLOCK' of module 'design_1_processing_system7_0_0' is unconnected for instance 'processing_system7_0' [c:/Users/cargi/Documents/1Fa26/SD/digital_effects_2026-1/digital_effects_2026-1.gen/sources_1/bd/design_1/synth/design_1.v:163]
WARNING: [Synth 8-7071] port 'M_AXI_GP0_AWSIZE' of module 'design_1_processing_system7_0_0' is unconnected for instance 'processing_system7_0' [c:/Users/cargi/Documents/1Fa26/SD/digital_effects_2026-1/digital_effects_2026-1.gen/sources_1/bd/design_1/synth/design_1.v:163]
WARNING: [Synth 8-7071] port 'M_AXI_GP0_ARPROT' of module 'design_1_processing_system7_0_0' is unconnected for instance 'processing_system7_0' [c:/Users/cargi/Documents/1Fa26/SD/digital_effects_2026-1/digital_effects_2026-1.gen/sources_1/bd/design_1/synth/design_1.v:163]
WARNING: [Synth 8-7071] port 'M_AXI_GP0_AWPROT' of module 'design_1_processing_system7_0_0' is unconnected for instance 'processing_system7_0' [c:/Users/cargi/Documents/1Fa26/SD/digital_effects_2026-1/digital_effects_2026-1.gen/sources_1/bd/design_1/synth/design_1.v:163]
WARNING: [Synth 8-7071] port 'M_AXI_GP0_ARADDR' of module 'design_1_processing_system7_0_0' is unconnected for instance 'processing_system7_0' [c:/Users/cargi/Documents/1Fa26/SD/digital_effects_2026-1/digital_effects_2026-1.gen/sources_1/bd/design_1/synth/design_1.v:163]
WARNING: [Synth 8-7071] port 'M_AXI_GP0_AWADDR' of module 'design_1_processing_system7_0_0' is unconnected for instance 'processing_system7_0' [c:/Users/cargi/Documents/1Fa26/SD/digital_effects_2026-1/digital_effects_2026-1.gen/sources_1/bd/design_1/synth/design_1.v:163]
WARNING: [Synth 8-7071] port 'M_AXI_GP0_WDATA' of module 'design_1_processing_system7_0_0' is unconnected for instance 'processing_system7_0' [c:/Users/cargi/Documents/1Fa26/SD/digital_effects_2026-1/digital_effects_2026-1.gen/sources_1/bd/design_1/synth/design_1.v:163]
WARNING: [Synth 8-7071] port 'M_AXI_GP0_ARCACHE' of module 'design_1_processing_system7_0_0' is unconnected for instance 'processing_system7_0' [c:/Users/cargi/Documents/1Fa26/SD/digital_effects_2026-1/digital_effects_2026-1.gen/sources_1/bd/design_1/synth/design_1.v:163]
WARNING: [Synth 8-7071] port 'M_AXI_GP0_ARLEN' of module 'design_1_processing_system7_0_0' is unconnected for instance 'processing_system7_0' [c:/Users/cargi/Documents/1Fa26/SD/digital_effects_2026-1/digital_effects_2026-1.gen/sources_1/bd/design_1/synth/design_1.v:163]
WARNING: [Synth 8-7071] port 'M_AXI_GP0_ARQOS' of module 'design_1_processing_system7_0_0' is unconnected for instance 'processing_system7_0' [c:/Users/cargi/Documents/1Fa26/SD/digital_effects_2026-1/digital_effects_2026-1.gen/sources_1/bd/design_1/synth/design_1.v:163]
WARNING: [Synth 8-7071] port 'M_AXI_GP0_AWCACHE' of module 'design_1_processing_system7_0_0' is unconnected for instance 'processing_system7_0' [c:/Users/cargi/Documents/1Fa26/SD/digital_effects_2026-1/digital_effects_2026-1.gen/sources_1/bd/design_1/synth/design_1.v:163]
WARNING: [Synth 8-7071] port 'M_AXI_GP0_AWLEN' of module 'design_1_processing_system7_0_0' is unconnected for instance 'processing_system7_0' [c:/Users/cargi/Documents/1Fa26/SD/digital_effects_2026-1/digital_effects_2026-1.gen/sources_1/bd/design_1/synth/design_1.v:163]
WARNING: [Synth 8-7071] port 'M_AXI_GP0_AWQOS' of module 'design_1_processing_system7_0_0' is unconnected for instance 'processing_system7_0' [c:/Users/cargi/Documents/1Fa26/SD/digital_effects_2026-1/digital_effects_2026-1.gen/sources_1/bd/design_1/synth/design_1.v:163]
WARNING: [Synth 8-7071] port 'M_AXI_GP0_WSTRB' of module 'design_1_processing_system7_0_0' is unconnected for instance 'processing_system7_0' [c:/Users/cargi/Documents/1Fa26/SD/digital_effects_2026-1/digital_effects_2026-1.gen/sources_1/bd/design_1/synth/design_1.v:163]
WARNING: [Synth 8-7071] port 'FCLK_RESET0_N' of module 'design_1_processing_system7_0_0' is unconnected for instance 'processing_system7_0' [c:/Users/cargi/Documents/1Fa26/SD/digital_effects_2026-1/digital_effects_2026-1.gen/sources_1/bd/design_1/synth/design_1.v:163]
WARNING: [Synth 8-7023] instance 'processing_system7_0' of module 'design_1_processing_system7_0_0' has 71 connections declared, but only 41 given [c:/Users/cargi/Documents/1Fa26/SD/digital_effects_2026-1/digital_effects_2026-1.gen/sources_1/bd/design_1/synth/design_1.v:163]
INFO: [Synth 8-6155] done synthesizing module 'design_1' (0#1) [c:/Users/cargi/Documents/1Fa26/SD/digital_effects_2026-1/digital_effects_2026-1.gen/sources_1/bd/design_1/synth/design_1.v:13]
INFO: [Synth 8-6155] done synthesizing module 'design_1_wrapper' (0#1) [C:/Users/cargi/Documents/1Fa26/SD/digital_effects_2026-1/digital_effects_2026-1.gen/sources_1/bd/design_1/hdl/design_1_wrapper.v:13]
---------------------------------------------------------------------------------
Finished RTL Elaboration : Time (s): cpu = 00:00:07 ; elapsed = 00:00:07 . Memory (MB): peak = 1510.660 ; gain = 697.836
---------------------------------------------------------------------------------
---------------------------------------------------------------------------------
Start Handling Custom Attributes
---------------------------------------------------------------------------------
---------------------------------------------------------------------------------
Finished Handling Custom Attributes : Time (s): cpu = 00:00:07 ; elapsed = 00:00:07 . Memory (MB): peak = 1510.660 ; gain = 697.836
---------------------------------------------------------------------------------
---------------------------------------------------------------------------------
Finished RTL Optimization Phase 1 : Time (s): cpu = 00:00:07 ; elapsed = 00:00:07 . Memory (MB): peak = 1510.660 ; gain = 697.836
---------------------------------------------------------------------------------
Netlist sorting complete. Time (s): cpu = 00:00:00 ; elapsed = 00:00:00 . Memory (MB): peak = 1510.660 ; gain = 0.000
INFO: [Netlist 29-17] Analyzing 2 Unisim elements for replacement
INFO: [Netlist 29-28] Unisim Transformation completed in 0 CPU seconds
INFO: [Project 1-570] Preparing netlist for logic optimization

Processing XDC Constraints
Initializing timing engine
Parsing XDC File [c:/Users/cargi/Documents/1Fa26/SD/digital_effects_2026-1/digital_effects_2026-1.gen/sources_1/bd/design_1/ip/design_1_processing_system7_0_0/design_1_processing_system7_0_0/design_1_processing_system7_0_0_in_context.xdc] for cell 'design_1_i/processing_system7_0'
Finished Parsing XDC File [c:/Users/cargi/Documents/1Fa26/SD/digital_effects_2026-1/digital_effects_2026-1.gen/sources_1/bd/design_1/ip/design_1_processing_system7_0_0/design_1_processing_system7_0_0/design_1_processing_system7_0_0_in_context.xdc] for cell 'design_1_i/processing_system7_0'
Parsing XDC File [c:/Users/cargi/Documents/1Fa26/SD/digital_effects_2026-1/digital_effects_2026-1.gen/sources_1/bd/design_1/ip/design_1_clk_wiz_0_0/design_1_clk_wiz_0_0/design_1_clk_wiz_0_0_in_context.xdc] for cell 'design_1_i/clk_wiz_0'
Finished Parsing XDC File [c:/Users/cargi/Documents/1Fa26/SD/digital_effects_2026-1/digital_effects_2026-1.gen/sources_1/bd/design_1/ip/design_1_clk_wiz_0_0/design_1_clk_wiz_0_0/design_1_clk_wiz_0_0_in_context.xdc] for cell 'design_1_i/clk_wiz_0'
Parsing XDC File [c:/Users/cargi/Documents/1Fa26/SD/digital_effects_2026-1/digital_effects_2026-1.gen/sources_1/bd/design_1/ip/design_1_bclk_div_0_0/design_1_bclk_div_0_0/design_1_bclk_div_0_0_in_context.xdc] for cell 'design_1_i/bclk_div_0'
Finished Parsing XDC File [c:/Users/cargi/Documents/1Fa26/SD/digital_effects_2026-1/digital_effects_2026-1.gen/sources_1/bd/design_1/ip/design_1_bclk_div_0_0/design_1_bclk_div_0_0/design_1_bclk_div_0_0_in_context.xdc] for cell 'design_1_i/bclk_div_0'
Parsing XDC File [c:/Users/cargi/Documents/1Fa26/SD/digital_effects_2026-1/digital_effects_2026-1.gen/sources_1/bd/design_1/ip/design_1_delay_0_0/design_1_delay_0_0/design_1_delay_0_0_in_context.xdc] for cell 'design_1_i/delay_0'
Finished Parsing XDC File [c:/Users/cargi/Documents/1Fa26/SD/digital_effects_2026-1/digital_effects_2026-1.gen/sources_1/bd/design_1/ip/design_1_delay_0_0/design_1_delay_0_0/design_1_delay_0_0_in_context.xdc] for cell 'design_1_i/delay_0'
Parsing XDC File [c:/Users/cargi/Documents/1Fa26/SD/digital_effects_2026-1/digital_effects_2026-1.gen/sources_1/bd/design_1/ip/design_1_i2s_rx_0_0/design_1_i2s_rx_0_0/design_1_i2s_rx_0_0_in_context.xdc] for cell 'design_1_i/i2s_rx_0'
Finished Parsing XDC File [c:/Users/cargi/Documents/1Fa26/SD/digital_effects_2026-1/digital_effects_2026-1.gen/sources_1/bd/design_1/ip/design_1_i2s_rx_0_0/design_1_i2s_rx_0_0/design_1_i2s_rx_0_0_in_context.xdc] for cell 'design_1_i/i2s_rx_0'
Parsing XDC File [c:/Users/cargi/Documents/1Fa26/SD/digital_effects_2026-1/digital_effects_2026-1.gen/sources_1/bd/design_1/ip/design_1_i2s_tx_0_0/design_1_i2s_tx_0_0/design_1_i2s_tx_0_0_in_context.xdc] for cell 'design_1_i/i2s_tx_0'
Finished Parsing XDC File [c:/Users/cargi/Documents/1Fa26/SD/digital_effects_2026-1/digital_effects_2026-1.gen/sources_1/bd/design_1/ip/design_1_i2s_tx_0_0/design_1_i2s_tx_0_0/design_1_i2s_tx_0_0_in_context.xdc] for cell 'design_1_i/i2s_tx_0'
Parsing XDC File [C:/Users/cargi/Documents/1Fa26/SD/digilent-xdc-master/Zybo-Z7-Master.xdc]
Finished Parsing XDC File [C:/Users/cargi/Documents/1Fa26/SD/digilent-xdc-master/Zybo-Z7-Master.xdc]
INFO: [Project 1-236] Implementation specific constraints were found while reading constraint file [C:/Users/cargi/Documents/1Fa26/SD/digilent-xdc-master/Zybo-Z7-Master.xdc]. These constraints will be ignored for synthesis but will be used in implementation. Impacted constraints are listed in the file [.Xil/design_1_wrapper_propImpl.xdc].
Resolution: To avoid this warning, move constraints listed in [.Xil/design_1_wrapper_propImpl.xdc] to another XDC file and exclude this new file from synthesis with the used_in_synthesis property (File Properties dialog in GUI) and re-run elaboration/synthesis.
Parsing XDC File [C:/Users/cargi/Documents/1Fa26/SD/digital_effects_2026-1/digital_effects_2026-1.runs/synth_1/dont_touch.xdc]
Finished Parsing XDC File [C:/Users/cargi/Documents/1Fa26/SD/digital_effects_2026-1/digital_effects_2026-1.runs/synth_1/dont_touch.xdc]
Completed Processing XDC Constraints

Netlist sorting complete. Time (s): cpu = 00:00:00 ; elapsed = 00:00:00 . Memory (MB): peak = 1519.855 ; gain = 0.000
INFO: [Project 1-111] Unisim Transformation Summary:
  A total of 2 instances were transformed.
  IOBUF => IOBUF (IBUF, OBUFT): 2 instances

Constraint Validation Runtime : Time (s): cpu = 00:00:00 ; elapsed = 00:00:00.008 . Memory (MB): peak = 1520.461 ; gain = 0.000
---------------------------------------------------------------------------------
Finished Constraint Validation : Time (s): cpu = 00:00:15 ; elapsed = 00:00:15 . Memory (MB): peak = 1520.461 ; gain = 707.637
---------------------------------------------------------------------------------
---------------------------------------------------------------------------------
Start Loading Part and Timing Information
---------------------------------------------------------------------------------
Loading part: xc7z010clg400-1
---------------------------------------------------------------------------------
Finished Loading Part and Timing Information : Time (s): cpu = 00:00:15 ; elapsed = 00:00:15 . Memory (MB): peak = 1520.461 ; gain = 707.637
---------------------------------------------------------------------------------
---------------------------------------------------------------------------------
Start Applying 'set_property' XDC Constraints
---------------------------------------------------------------------------------
---------------------------------------------------------------------------------
Finished applying 'set_property' XDC Constraints : Time (s): cpu = 00:00:15 ; elapsed = 00:00:16 . Memory (MB): peak = 1520.461 ; gain = 707.637
---------------------------------------------------------------------------------
---------------------------------------------------------------------------------
Finished RTL Optimization Phase 2 : Time (s): cpu = 00:00:15 ; elapsed = 00:00:16 . Memory (MB): peak = 1520.461 ; gain = 707.637
---------------------------------------------------------------------------------
---------------------------------------------------------------------------------
Start RTL Component Statistics 
---------------------------------------------------------------------------------
Detailed RTL Component Info : 
---------------------------------------------------------------------------------
Finished RTL Component Statistics 
---------------------------------------------------------------------------------
---------------------------------------------------------------------------------
Start Part Resource Summary
---------------------------------------------------------------------------------
Part Resources:
DSPs: 80 (col length:40)
BRAMs: 120 (col length: RAMB18 40 RAMB36 20)
---------------------------------------------------------------------------------
Finished Part Resource Summary
---------------------------------------------------------------------------------
---------------------------------------------------------------------------------
Start Cross Boundary and Area Optimization
---------------------------------------------------------------------------------
---------------------------------------------------------------------------------
Finished Cross Boundary and Area Optimization : Time (s): cpu = 00:00:17 ; elapsed = 00:00:18 . Memory (MB): peak = 1543.762 ; gain = 730.938
---------------------------------------------------------------------------------
---------------------------------------------------------------------------------
Start Applying XDC Timing Constraints
---------------------------------------------------------------------------------
---------------------------------------------------------------------------------
Finished Applying XDC Timing Constraints : Time (s): cpu = 00:00:22 ; elapsed = 00:00:23 . Memory (MB): peak = 1718.426 ; gain = 905.602
---------------------------------------------------------------------------------
---------------------------------------------------------------------------------
Start Timing Optimization
---------------------------------------------------------------------------------
---------------------------------------------------------------------------------
Finished Timing Optimization : Time (s): cpu = 00:00:22 ; elapsed = 00:00:23 . Memory (MB): peak = 1718.762 ; gain = 905.938
---------------------------------------------------------------------------------
---------------------------------------------------------------------------------
Start Technology Mapping
---------------------------------------------------------------------------------
---------------------------------------------------------------------------------
Finished Technology Mapping : Time (s): cpu = 00:00:22 ; elapsed = 00:00:24 . Memory (MB): peak = 1728.418 ; gain = 915.594
---------------------------------------------------------------------------------
---------------------------------------------------------------------------------
Start IO Insertion
---------------------------------------------------------------------------------
---------------------------------------------------------------------------------
Start Flattening Before IO Insertion
---------------------------------------------------------------------------------
---------------------------------------------------------------------------------
Finished Flattening Before IO Insertion
---------------------------------------------------------------------------------
---------------------------------------------------------------------------------
Start Final Netlist Cleanup
---------------------------------------------------------------------------------
---------------------------------------------------------------------------------
Finished Final Netlist Cleanup
---------------------------------------------------------------------------------
---------------------------------------------------------------------------------
Finished IO Insertion : Time (s): cpu = 00:00:26 ; elapsed = 00:00:27 . Memory (MB): peak = 2004.121 ; gain = 1191.297
---------------------------------------------------------------------------------
---------------------------------------------------------------------------------
Start Renaming Generated Instances
---------------------------------------------------------------------------------
---------------------------------------------------------------------------------
Finished Renaming Generated Instances : Time (s): cpu = 00:00:26 ; elapsed = 00:00:27 . Memory (MB): peak = 2004.121 ; gain = 1191.297
---------------------------------------------------------------------------------
---------------------------------------------------------------------------------
Start Rebuilding User Hierarchy
---------------------------------------------------------------------------------
---------------------------------------------------------------------------------
Finished Rebuilding User Hierarchy : Time (s): cpu = 00:00:26 ; elapsed = 00:00:27 . Memory (MB): peak = 2004.121 ; gain = 1191.297
---------------------------------------------------------------------------------
---------------------------------------------------------------------------------
Start Renaming Generated Ports
---------------------------------------------------------------------------------
---------------------------------------------------------------------------------
Finished Renaming Generated Ports : Time (s): cpu = 00:00:26 ; elapsed = 00:00:27 . Memory (MB): peak = 2004.121 ; gain = 1191.297
---------------------------------------------------------------------------------
---------------------------------------------------------------------------------
Start Handling Custom Attributes
---------------------------------------------------------------------------------
---------------------------------------------------------------------------------
Finished Handling Custom Attributes : Time (s): cpu = 00:00:26 ; elapsed = 00:00:27 . Memory (MB): peak = 2004.121 ; gain = 1191.297
---------------------------------------------------------------------------------
---------------------------------------------------------------------------------
Start Renaming Generated Nets
---------------------------------------------------------------------------------
---------------------------------------------------------------------------------
Finished Renaming Generated Nets : Time (s): cpu = 00:00:26 ; elapsed = 00:00:27 . Memory (MB): peak = 2004.121 ; gain = 1191.297
---------------------------------------------------------------------------------
---------------------------------------------------------------------------------
Start Writing Synthesis Report
---------------------------------------------------------------------------------

Report BlackBoxes: 
+------+--------------------------------+----------+
|      |BlackBox name                   |Instances |
+------+--------------------------------+----------+
|1     |design_1_bclk_div_0_0           |         1|
|2     |design_1_clk_wiz_0_0            |         1|
|3     |design_1_delay_0_0              |         1|
|4     |design_1_i2s_rx_0_0             |         1|
|5     |design_1_i2s_tx_0_0             |         1|
|6     |design_1_processing_system7_0_0 |         1|
+------+--------------------------------+----------+

Report Cell Usage: 
+------+------------------------------+------+
|      |Cell                          |Count |
+------+------------------------------+------+
|1     |design_1_bclk_div_0           |     1|
|2     |design_1_clk_wiz_0            |     1|
|3     |design_1_delay_0              |     1|
|4     |design_1_i2s_rx_0             |     1|
|5     |design_1_i2s_tx_0             |     1|
|6     |design_1_processing_system7_0 |     1|
|7     |IBUF                          |     1|
|8     |IOBUF                         |     2|
|9     |OBUF                          |     6|
+------+------------------------------+------+
---------------------------------------------------------------------------------
Finished Writing Synthesis Report : Time (s): cpu = 00:00:26 ; elapsed = 00:00:27 . Memory (MB): peak = 2004.121 ; gain = 1191.297
---------------------------------------------------------------------------------
Synthesis finished with 0 errors, 0 critical warnings and 0 warnings.
Synthesis Optimization Runtime : Time (s): cpu = 00:00:17 ; elapsed = 00:00:26 . Memory (MB): peak = 2004.121 ; gain = 1181.496
Synthesis Optimization Complete : Time (s): cpu = 00:00:26 ; elapsed = 00:00:28 . Memory (MB): peak = 2004.121 ; gain = 1191.297
INFO: [Project 1-571] Translating synthesized netlist
Netlist sorting complete. Time (s): cpu = 00:00:00 ; elapsed = 00:00:00.001 . Memory (MB): peak = 2004.121 ; gain = 0.000
INFO: [Netlist 29-17] Analyzing 2 Unisim elements for replacement
INFO: [Netlist 29-28] Unisim Transformation completed in 0 CPU seconds
INFO: [Project 1-570] Preparing netlist for logic optimization
INFO: [Opt 31-138] Pushed 0 inverter(s) to 0 load pin(s).
Netlist sorting complete. Time (s): cpu = 00:00:00 ; elapsed = 00:00:00 . Memory (MB): peak = 2008.621 ; gain = 0.000
INFO: [Project 1-111] Unisim Transformation Summary:
  A total of 2 instances were transformed.
  IOBUF => IOBUF (IBUF, OBUFT): 2 instances

Synth Design complete | Checksum: 65106d1d
INFO: [Common 17-83] Releasing license: Vivado_Synthesis
39 Infos, 33 Warnings, 0 Critical Warnings and 0 Errors encountered.
synth_design completed successfully
synth_design: Time (s): cpu = 00:00:30 ; elapsed = 00:00:35 . Memory (MB): peak = 2008.621 ; gain = 1405.375
Write ShapeDB Complete: Time (s): cpu = 00:00:00 ; elapsed = 00:00:00.001 . Memory (MB): peak = 2008.621 ; gain = 0.000
INFO: [Common 17-1381] The checkpoint 'C:/Users/cargi/Documents/1Fa26/SD/digital_effects_2026-1/digital_effects_2026-1.runs/synth_1/design_1_wrapper.dcp' has been generated.
INFO: [Vivado 12-24828] Executing command : report_utilization -file design_1_wrapper_utilization_synth.rpt -pb design_1_wrapper_utilization_synth.pb
INFO: [Common 17-206] Exiting Vivado at Tue Aug 25 15:27:05 2026...
