
*** Running vivado
    with args -log design_1_reverb_axi_wrapper_0_0.vds -m64 -product Vivado -mode batch -messageDb vivado.pb -notrace -source design_1_reverb_axi_wrapper_0_0.tcl


INFO: [Common 17-3922] A valid Vivado Design Suite BASIC license has been detected. Your current license is active and will expire on 20-aug-2027.
#-----------------------------------------------------------
# Vivado v2026.1 (64-bit)
# SW Build 6511674 on Tue Jun 16 11:02:23 MDT 2026
# IP Build 6504888 on Tue Jun 09 09:05:25 MDT 2026
# SharedData Build 6501428 on Mon Jun 08 17:34:18 MDT 2026
# Start of session at: Fri Oct  9 09:32:29 2026
# Process ID         : 13912
# Current directory  : C:/Users/cargi/Documents/1Fa26/SD/digital_effects_2026-1/digital_effects_2026-1.runs/design_1_reverb_axi_wrapper_0_0_synth_1
# Command line       : vivado.exe -log design_1_reverb_axi_wrapper_0_0.vds -product Vivado -mode batch -messageDb vivado.pb -notrace -source design_1_reverb_axi_wrapper_0_0.tcl
# Log file           : C:/Users/cargi/Documents/1Fa26/SD/digital_effects_2026-1/digital_effects_2026-1.runs/design_1_reverb_axi_wrapper_0_0_synth_1/design_1_reverb_axi_wrapper_0_0.vds
# Journal file       : C:/Users/cargi/Documents/1Fa26/SD/digital_effects_2026-1/digital_effects_2026-1.runs/design_1_reverb_axi_wrapper_0_0_synth_1\vivado.jou
# Running On         : MostlyEtc
# Platform           : Windows 11
# Operating System   : 26200
# Processor Detail   : 12th Gen Intel(R) Core(TM) i7-12700H
# CPU Frequency      : 2688 MHz
# CPU Physical cores : 14
# CPU Logical cores  : 20
# Host memory        : 16834 MB
# Swap memory        : 15032 MB
# Total Virtual      : 31867 MB
# Available Virtual  : 9218 MB
#-----------------------------------------------------------

****** Vivado v2026.1 (64-bit)
  **** SW Build 6511674 on Tue Jun 16 11:02:23 MDT 2026
  **** IP Build 6504888 on Tue Jun 09 09:05:25 MDT 2026
  **** SharedData Build 6501428 on Mon Jun 08 17:34:18 MDT 2026
  **** Start of session at: Fri Oct  9 09:32:29 2026
    ** Copyright 1986-2022 Xilinx, Inc. All Rights Reserved.
    ** Copyright 2022-2026 Advanced Micro Devices, Inc. All Rights Reserved.

source design_1_reverb_axi_wrapper_0_0.tcl -notrace
create_project: Time (s): cpu = 00:00:16 ; elapsed = 00:00:10 . Memory (MB): peak = 582.043 ; gain = 267.930
INFO: [IP_Flow 19-234] Refreshing IP repositories
INFO: [IP_Flow 19-1700] Loaded user IP repository 'c:/Users/cargi/Documents/1Fa26/SD/digital_effects_2026-1/ip_repo'.
INFO: [IP_Flow 19-2313] Loaded Vivado IP repository 'C:/AMDDesignTools/2026.1/Vivado/data/ip'.
WARNING: [IP_Flow 19-4995] The host OS only allows 260 characters in a normal path. The IP cache path is more than 80 characters. If you experience issues with IP caching, please consider changing the IP cache to a location with a shorter path. Alternately consider using the OS subst command to map part of the path to a drive letter. 
Current IP cache path is c:/Users/cargi/Documents/1Fa26/SD/digital_effects_2026-1/digital_effects_2026-1.cache/ip 
Command: synth_design -top design_1_reverb_axi_wrapper_0_0 -part xc7z010clg400-1 -incremental_mode off -mode out_of_context
Starting synth_design
Attempting to get a license for feature 'Vivado_Synthesis' and/or device 'xc7z010'
INFO: [Common 17-349] Got license for feature 'Vivado_Synthesis' and/or device 'xc7z010'
INFO: [Device 21-403] Loading part xc7z010clg400-1
INFO: [Designutils 20-5008] Incremental synthesis strategy off
INFO: [Synth 8-7079] Multithreading enabled for synth_design using a maximum of 2 processes.
INFO: [Synth 8-7078] Launching helper process for spawning children vivado processes
INFO: [Synth 8-7075] Helper process launched with PID 39348
---------------------------------------------------------------------------------
Starting RTL Elaboration : Time (s): cpu = 00:00:07 ; elapsed = 00:00:08 . Memory (MB): peak = 1381.180 ; gain = 576.539
---------------------------------------------------------------------------------
INFO: [Synth 8-6157] synthesizing module 'design_1_reverb_axi_wrapper_0_0' [c:/Users/cargi/Documents/1Fa26/SD/digital_effects_2026-1/digital_effects_2026-1.gen/sources_1/bd/design_1/ip/design_1_reverb_axi_wrapper_0_0/synth/design_1_reverb_axi_wrapper_0_0.sv:53]
INFO: [Synth 8-6157] synthesizing module 'reverb_axi_wrapper' [c:/Users/cargi/Documents/1Fa26/SD/digital_effects_2026-1/digital_effects_2026-1.gen/sources_1/bd/design_1/ipshared/ffd5/hdl/reverb_axi_wrapper.v:4]
INFO: [Synth 8-6157] synthesizing module 'reverb_axi_wrapper_slave_lite_v1_0_S00_AXI' [c:/Users/cargi/Documents/1Fa26/SD/digital_effects_2026-1/digital_effects_2026-1.gen/sources_1/bd/design_1/ipshared/ffd5/hdl/reverb_axi_wrapper_slave_lite_v1_0_S00_AXI.v:4]
INFO: [Synth 8-155] case statement is not full and has no default [c:/Users/cargi/Documents/1Fa26/SD/digital_effects_2026-1/digital_effects_2026-1.gen/sources_1/bd/design_1/ipshared/ffd5/hdl/reverb_axi_wrapper_slave_lite_v1_0_S00_AXI.v:143]
INFO: [Synth 8-226] default block is never used [c:/Users/cargi/Documents/1Fa26/SD/digital_effects_2026-1/digital_effects_2026-1.gen/sources_1/bd/design_1/ipshared/ffd5/hdl/reverb_axi_wrapper_slave_lite_v1_0_S00_AXI.v:217]
INFO: [Synth 8-155] case statement is not full and has no default [c:/Users/cargi/Documents/1Fa26/SD/digital_effects_2026-1/digital_effects_2026-1.gen/sources_1/bd/design_1/ipshared/ffd5/hdl/reverb_axi_wrapper_slave_lite_v1_0_S00_AXI.v:270]
INFO: [Synth 8-6155] done synthesizing module 'reverb_axi_wrapper_slave_lite_v1_0_S00_AXI' (0#1) [c:/Users/cargi/Documents/1Fa26/SD/digital_effects_2026-1/digital_effects_2026-1.gen/sources_1/bd/design_1/ipshared/ffd5/hdl/reverb_axi_wrapper_slave_lite_v1_0_S00_AXI.v:4]
INFO: [Synth 8-6157] synthesizing module 'reverb' [c:/Users/cargi/Documents/1Fa26/SD/digital_effects_2026-1/digital_effects_2026-1.gen/sources_1/bd/design_1/ipshared/ffd5/src/reverb.sv:32]
INFO: [Synth 8-6155] done synthesizing module 'reverb' (0#1) [c:/Users/cargi/Documents/1Fa26/SD/digital_effects_2026-1/digital_effects_2026-1.gen/sources_1/bd/design_1/ipshared/ffd5/src/reverb.sv:32]
INFO: [Synth 8-6155] done synthesizing module 'reverb_axi_wrapper' (0#1) [c:/Users/cargi/Documents/1Fa26/SD/digital_effects_2026-1/digital_effects_2026-1.gen/sources_1/bd/design_1/ipshared/ffd5/hdl/reverb_axi_wrapper.v:4]
INFO: [Synth 8-6155] done synthesizing module 'design_1_reverb_axi_wrapper_0_0' (0#1) [c:/Users/cargi/Documents/1Fa26/SD/digital_effects_2026-1/digital_effects_2026-1.gen/sources_1/bd/design_1/ip/design_1_reverb_axi_wrapper_0_0/synth/design_1_reverb_axi_wrapper_0_0.sv:53]
INFO: [Synth 8-7129] Port S_AXI_AWPROT[2] in module reverb_axi_wrapper_slave_lite_v1_0_S00_AXI is either unconnected or has no load
INFO: [Synth 8-7129] Port S_AXI_AWPROT[1] in module reverb_axi_wrapper_slave_lite_v1_0_S00_AXI is either unconnected or has no load
INFO: [Synth 8-7129] Port S_AXI_AWPROT[0] in module reverb_axi_wrapper_slave_lite_v1_0_S00_AXI is either unconnected or has no load
INFO: [Synth 8-7129] Port S_AXI_ARPROT[2] in module reverb_axi_wrapper_slave_lite_v1_0_S00_AXI is either unconnected or has no load
INFO: [Synth 8-7129] Port S_AXI_ARPROT[1] in module reverb_axi_wrapper_slave_lite_v1_0_S00_AXI is either unconnected or has no load
INFO: [Synth 8-7129] Port S_AXI_ARPROT[0] in module reverb_axi_wrapper_slave_lite_v1_0_S00_AXI is either unconnected or has no load
---------------------------------------------------------------------------------
Finished RTL Elaboration : Time (s): cpu = 00:00:10 ; elapsed = 00:00:11 . Memory (MB): peak = 1515.336 ; gain = 710.695
---------------------------------------------------------------------------------
---------------------------------------------------------------------------------
Start Handling Custom Attributes
---------------------------------------------------------------------------------
---------------------------------------------------------------------------------
Finished Handling Custom Attributes : Time (s): cpu = 00:00:10 ; elapsed = 00:00:11 . Memory (MB): peak = 1515.336 ; gain = 710.695
---------------------------------------------------------------------------------
---------------------------------------------------------------------------------
Finished RTL Optimization Phase 1 : Time (s): cpu = 00:00:10 ; elapsed = 00:00:11 . Memory (MB): peak = 1515.336 ; gain = 710.695
---------------------------------------------------------------------------------
Netlist sorting complete. Time (s): cpu = 00:00:00 ; elapsed = 00:00:00.017 . Memory (MB): peak = 1515.336 ; gain = 0.000
INFO: [Project 1-570] Preparing netlist for logic optimization

Processing XDC Constraints
Initializing timing engine
Completed Processing XDC Constraints

Netlist sorting complete. Time (s): cpu = 00:00:00 ; elapsed = 00:00:00.001 . Memory (MB): peak = 1585.070 ; gain = 0.000
INFO: [Project 1-111] Unisim Transformation Summary:
No Unisim elements were transformed.

Constraint Validation Runtime : Time (s): cpu = 00:00:00 ; elapsed = 00:00:00.057 . Memory (MB): peak = 1585.152 ; gain = 0.000
INFO: [Designutils 20-5008] Incremental synthesis strategy off
---------------------------------------------------------------------------------
Finished Constraint Validation : Time (s): cpu = 00:00:20 ; elapsed = 00:00:21 . Memory (MB): peak = 1585.152 ; gain = 780.512
---------------------------------------------------------------------------------
---------------------------------------------------------------------------------
Start Loading Part and Timing Information
---------------------------------------------------------------------------------
Loading part: xc7z010clg400-1
---------------------------------------------------------------------------------
Finished Loading Part and Timing Information : Time (s): cpu = 00:00:20 ; elapsed = 00:00:21 . Memory (MB): peak = 1585.152 ; gain = 780.512
---------------------------------------------------------------------------------
---------------------------------------------------------------------------------
Start Applying 'set_property' XDC Constraints
---------------------------------------------------------------------------------
---------------------------------------------------------------------------------
Finished applying 'set_property' XDC Constraints : Time (s): cpu = 00:00:20 ; elapsed = 00:00:21 . Memory (MB): peak = 1585.152 ; gain = 780.512
---------------------------------------------------------------------------------
INFO: [Synth 8-802] inferred FSM for state register 'state_write_reg' in module 'reverb_axi_wrapper_slave_lite_v1_0_S00_AXI'
INFO: [Synth 8-802] inferred FSM for state register 'state_read_reg' in module 'reverb_axi_wrapper_slave_lite_v1_0_S00_AXI'
INFO: [Synth 8-802] inferred FSM for state register 'state_reg' in module 'reverb'
---------------------------------------------------------------------------------------------------
                   State |                     New Encoding |                Previous Encoding 
---------------------------------------------------------------------------------------------------
                    Idle |                               00 |                               00
                   Waddr |                               01 |                               10
                   Wdata |                               10 |                               11
---------------------------------------------------------------------------------------------------
INFO: [Synth 8-3354] encoded FSM with state register 'state_write_reg' using encoding 'sequential' in module 'reverb_axi_wrapper_slave_lite_v1_0_S00_AXI'
---------------------------------------------------------------------------------------------------
                   State |                     New Encoding |                Previous Encoding 
---------------------------------------------------------------------------------------------------
                    Idle |                               00 |                               00
                   Raddr |                               01 |                               10
                   Rdata |                               10 |                               11
---------------------------------------------------------------------------------------------------
INFO: [Synth 8-3354] encoded FSM with state register 'state_read_reg' using encoding 'sequential' in module 'reverb_axi_wrapper_slave_lite_v1_0_S00_AXI'
---------------------------------------------------------------------------------------------------
                   State |                     New Encoding |                Previous Encoding 
---------------------------------------------------------------------------------------------------
                  S_IDLE |                            00001 |                              000
                  S_COMB |                            00010 |                              001
                   S_AP1 |                            00100 |                              010
                   S_AP2 |                            01000 |                              011
                   S_MIX |                            10000 |                              100
---------------------------------------------------------------------------------------------------
INFO: [Synth 8-3354] encoded FSM with state register 'state_reg' using encoding 'one-hot' in module 'reverb'
---------------------------------------------------------------------------------
Finished RTL Optimization Phase 2 : Time (s): cpu = 00:00:20 ; elapsed = 00:00:22 . Memory (MB): peak = 1585.152 ; gain = 780.512
---------------------------------------------------------------------------------
No constraint files found.
---------------------------------------------------------------------------------
Start RTL Component Statistics 
---------------------------------------------------------------------------------
Detailed RTL Component Info : 
+---Adders : 
	   3 Input   50 Bit       Adders := 5     
	   2 Input   48 Bit       Adders := 8     
	   4 Input   34 Bit       Adders := 1     
	   2 Input   33 Bit       Adders := 6     
	   3 Input   33 Bit       Adders := 2     
	   2 Input   16 Bit       Adders := 2     
	   2 Input   12 Bit       Adders := 2     
	   2 Input   11 Bit       Adders := 4     
	   2 Input    8 Bit       Adders := 2     
	   2 Input    7 Bit       Adders := 2     
+---Registers : 
	               32 Bit    Registers := 18    
	               24 Bit    Registers := 1     
	               16 Bit    Registers := 3     
	               11 Bit    Registers := 2     
	                8 Bit    Registers := 1     
	                7 Bit    Registers := 1     
	                4 Bit    Registers := 2     
	                2 Bit    Registers := 1     
	                1 Bit    Registers := 6     
+---Multipliers : 
	              17x32  Multipliers := 14    
+---RAMs : 
	              72K Bit	(2311 X 32 bit)          RAMs := 1     
	              66K Bit	(2113 X 32 bit)          RAMs := 1     
	              56K Bit	(1801 X 32 bit)          RAMs := 1     
	              52K Bit	(1687 X 32 bit)          RAMs := 1     
	               7K Bit	(241 X 32 bit)          RAMs := 1     
	               2K Bit	(83 X 32 bit)          RAMs := 1     
+---Muxes : 
	   2 Input   32 Bit        Muxes := 20    
	   4 Input   32 Bit        Muxes := 5     
	   2 Input   24 Bit        Muxes := 2     
	   2 Input   16 Bit        Muxes := 2     
	   3 Input    2 Bit        Muxes := 2     
	   2 Input    2 Bit        Muxes := 6     
	   2 Input    1 Bit        Muxes := 2     
	   3 Input    1 Bit        Muxes := 13    
	   5 Input    1 Bit        Muxes := 9     
---------------------------------------------------------------------------------
Finished RTL Component Statistics 
---------------------------------------------------------------------------------
---------------------------------------------------------------------------------
Start Part Resource Summary
---------------------------------------------------------------------------------
Part Resources:
DSPs: 80 (col length:40)
BRAMs: 120 (col length: RAMB18 40 RAMB36 20)
---------------------------------------------------------------------------------
Finished Part Resource Summary
---------------------------------------------------------------------------------
No constraint files found.
---------------------------------------------------------------------------------
Start Cross Boundary and Area Optimization
---------------------------------------------------------------------------------
DSP Report: Generating DSP blend_q16_32_return2, operation Mode is: A2*B2.
DSP Report: register blend_q16_32_return2 is absorbed into DSP blend_q16_32_return2.
DSP Report: register blend_q16_32_return2 is absorbed into DSP blend_q16_32_return2.
DSP Report: operator blend_q16_32_return2 is absorbed into DSP blend_q16_32_return2.
DSP Report: operator blend_q16_32_return2 is absorbed into DSP blend_q16_32_return2.
DSP Report: Generating DSP blend_q16_32_return2, operation Mode is: (PCIN>>17)+A2*B2.
DSP Report: register c1_prev_delayed_reg is absorbed into DSP blend_q16_32_return2.
DSP Report: register blend_q16_32_return2 is absorbed into DSP blend_q16_32_return2.
DSP Report: operator blend_q16_32_return2 is absorbed into DSP blend_q16_32_return2.
DSP Report: operator blend_q16_32_return2 is absorbed into DSP blend_q16_32_return2.
DSP Report: Generating DSP blend_q16_32_return2, operation Mode is: A*B.
DSP Report: operator blend_q16_32_return2 is absorbed into DSP blend_q16_32_return2.
DSP Report: operator blend_q16_32_return2 is absorbed into DSP blend_q16_32_return2.
DSP Report: Generating DSP blend_q16_32_return2, operation Mode is: (PCIN>>17)+A*B.
DSP Report: operator blend_q16_32_return2 is absorbed into DSP blend_q16_32_return2.
DSP Report: operator blend_q16_32_return2 is absorbed into DSP blend_q16_32_return2.
DSP Report: Generating DSP mul_q16_32_return1, operation Mode is: A*B2.
DSP Report: register mul_q16_32_return1 is absorbed into DSP mul_q16_32_return1.
DSP Report: operator mul_q16_32_return1 is absorbed into DSP mul_q16_32_return1.
DSP Report: operator mul_q16_32_return1 is absorbed into DSP mul_q16_32_return1.
DSP Report: Generating DSP mul_q16_32_return1, operation Mode is: (PCIN>>17)+A2*B.
DSP Report: register mul_q16_32_return1 is absorbed into DSP mul_q16_32_return1.
DSP Report: operator mul_q16_32_return1 is absorbed into DSP mul_q16_32_return1.
DSP Report: operator mul_q16_32_return1 is absorbed into DSP mul_q16_32_return1.
DSP Report: Generating DSP blend_q16_32_return2, operation Mode is: A2*B2.
DSP Report: register blend_q16_32_return2 is absorbed into DSP blend_q16_32_return2.
DSP Report: register blend_q16_32_return2 is absorbed into DSP blend_q16_32_return2.
DSP Report: operator blend_q16_32_return2 is absorbed into DSP blend_q16_32_return2.
DSP Report: operator blend_q16_32_return2 is absorbed into DSP blend_q16_32_return2.
DSP Report: Generating DSP blend_q16_32_return2, operation Mode is: (PCIN>>17)+A2*B2.
DSP Report: register c2_prev_delayed_reg is absorbed into DSP blend_q16_32_return2.
DSP Report: register blend_q16_32_return2 is absorbed into DSP blend_q16_32_return2.
DSP Report: operator blend_q16_32_return2 is absorbed into DSP blend_q16_32_return2.
DSP Report: operator blend_q16_32_return2 is absorbed into DSP blend_q16_32_return2.
DSP Report: Generating DSP blend_q16_32_return2, operation Mode is: A*B.
DSP Report: operator blend_q16_32_return2 is absorbed into DSP blend_q16_32_return2.
DSP Report: operator blend_q16_32_return2 is absorbed into DSP blend_q16_32_return2.
DSP Report: Generating DSP blend_q16_32_return2, operation Mode is: (PCIN>>17)+A*B.
DSP Report: operator blend_q16_32_return2 is absorbed into DSP blend_q16_32_return2.
DSP Report: operator blend_q16_32_return2 is absorbed into DSP blend_q16_32_return2.
DSP Report: Generating DSP mul_q16_32_return1, operation Mode is: A*B2.
DSP Report: register mul_q16_32_return1 is absorbed into DSP mul_q16_32_return1.
DSP Report: operator mul_q16_32_return1 is absorbed into DSP mul_q16_32_return1.
DSP Report: operator mul_q16_32_return1 is absorbed into DSP mul_q16_32_return1.
DSP Report: Generating DSP mul_q16_32_return1, operation Mode is: (PCIN>>17)+A2*B.
DSP Report: register mul_q16_32_return1 is absorbed into DSP mul_q16_32_return1.
DSP Report: operator mul_q16_32_return1 is absorbed into DSP mul_q16_32_return1.
DSP Report: operator mul_q16_32_return1 is absorbed into DSP mul_q16_32_return1.
DSP Report: Generating DSP blend_q16_32_return2, operation Mode is: A2*B2.
DSP Report: register blend_q16_32_return2 is absorbed into DSP blend_q16_32_return2.
DSP Report: register blend_q16_32_return2 is absorbed into DSP blend_q16_32_return2.
DSP Report: operator blend_q16_32_return2 is absorbed into DSP blend_q16_32_return2.
DSP Report: operator blend_q16_32_return2 is absorbed into DSP blend_q16_32_return2.
DSP Report: Generating DSP blend_q16_32_return2, operation Mode is: (PCIN>>17)+A2*B2.
DSP Report: register c3_prev_delayed_reg is absorbed into DSP blend_q16_32_return2.
DSP Report: register blend_q16_32_return2 is absorbed into DSP blend_q16_32_return2.
DSP Report: operator blend_q16_32_return2 is absorbed into DSP blend_q16_32_return2.
DSP Report: operator blend_q16_32_return2 is absorbed into DSP blend_q16_32_return2.
DSP Report: Generating DSP blend_q16_32_return2, operation Mode is: A*B.
DSP Report: operator blend_q16_32_return2 is absorbed into DSP blend_q16_32_return2.
DSP Report: operator blend_q16_32_return2 is absorbed into DSP blend_q16_32_return2.
DSP Report: Generating DSP blend_q16_32_return2, operation Mode is: (PCIN>>17)+A*B.
DSP Report: operator blend_q16_32_return2 is absorbed into DSP blend_q16_32_return2.
DSP Report: operator blend_q16_32_return2 is absorbed into DSP blend_q16_32_return2.
DSP Report: Generating DSP mul_q16_32_return1, operation Mode is: A*B2.
DSP Report: register mul_q16_32_return1 is absorbed into DSP mul_q16_32_return1.
DSP Report: operator mul_q16_32_return1 is absorbed into DSP mul_q16_32_return1.
DSP Report: operator mul_q16_32_return1 is absorbed into DSP mul_q16_32_return1.
DSP Report: Generating DSP mul_q16_32_return1, operation Mode is: (PCIN>>17)+A2*B.
DSP Report: register mul_q16_32_return1 is absorbed into DSP mul_q16_32_return1.
DSP Report: operator mul_q16_32_return1 is absorbed into DSP mul_q16_32_return1.
DSP Report: operator mul_q16_32_return1 is absorbed into DSP mul_q16_32_return1.
DSP Report: Generating DSP blend_q16_32_return2, operation Mode is: A2*B2.
DSP Report: register blend_q16_32_return2 is absorbed into DSP blend_q16_32_return2.
DSP Report: register blend_q16_32_return2 is absorbed into DSP blend_q16_32_return2.
DSP Report: operator blend_q16_32_return2 is absorbed into DSP blend_q16_32_return2.
DSP Report: operator blend_q16_32_return2 is absorbed into DSP blend_q16_32_return2.
DSP Report: Generating DSP blend_q16_32_return2, operation Mode is: (PCIN>>17)+A2*B2.
DSP Report: register c0_prev_delayed_reg is absorbed into DSP blend_q16_32_return2.
DSP Report: register blend_q16_32_return2 is absorbed into DSP blend_q16_32_return2.
DSP Report: operator blend_q16_32_return2 is absorbed into DSP blend_q16_32_return2.
DSP Report: operator blend_q16_32_return2 is absorbed into DSP blend_q16_32_return2.
DSP Report: Generating DSP blend_q16_32_return2, operation Mode is: A*B.
DSP Report: operator blend_q16_32_return2 is absorbed into DSP blend_q16_32_return2.
DSP Report: operator blend_q16_32_return2 is absorbed into DSP blend_q16_32_return2.
DSP Report: Generating DSP blend_q16_32_return2, operation Mode is: (PCIN>>17)+A*B.
DSP Report: operator blend_q16_32_return2 is absorbed into DSP blend_q16_32_return2.
DSP Report: operator blend_q16_32_return2 is absorbed into DSP blend_q16_32_return2.
DSP Report: Generating DSP mul_q16_32_return1, operation Mode is: A*B2.
DSP Report: register mul_q16_32_return1 is absorbed into DSP mul_q16_32_return1.
DSP Report: operator mul_q16_32_return1 is absorbed into DSP mul_q16_32_return1.
DSP Report: operator mul_q16_32_return1 is absorbed into DSP mul_q16_32_return1.
DSP Report: Generating DSP mul_q16_32_return1, operation Mode is: (PCIN>>17)+A2*B.
DSP Report: register mul_q16_32_return1 is absorbed into DSP mul_q16_32_return1.
DSP Report: operator mul_q16_32_return1 is absorbed into DSP mul_q16_32_return1.
DSP Report: operator mul_q16_32_return1 is absorbed into DSP mul_q16_32_return1.
DSP Report: Generating DSP blend_q16_32_return2, operation Mode is: A2*B2.
DSP Report: register blend_q16_32_return2 is absorbed into DSP blend_q16_32_return2.
DSP Report: register blend_q16_32_return2 is absorbed into DSP blend_q16_32_return2.
DSP Report: operator blend_q16_32_return2 is absorbed into DSP blend_q16_32_return2.
DSP Report: operator blend_q16_32_return2 is absorbed into DSP blend_q16_32_return2.
DSP Report: Generating DSP blend_q16_32_return2, operation Mode is: (PCIN>>17)+A2*B2.
DSP Report: register wet_ap2_reg is absorbed into DSP blend_q16_32_return2.
DSP Report: register blend_q16_32_return2 is absorbed into DSP blend_q16_32_return2.
DSP Report: operator blend_q16_32_return2 is absorbed into DSP blend_q16_32_return2.
DSP Report: operator blend_q16_32_return2 is absorbed into DSP blend_q16_32_return2.
DSP Report: Generating DSP blend_q16_32_return2, operation Mode is: A2*B.
DSP Report: register blend_q16_32_return2 is absorbed into DSP blend_q16_32_return2.
DSP Report: operator blend_q16_32_return2 is absorbed into DSP blend_q16_32_return2.
DSP Report: operator blend_q16_32_return2 is absorbed into DSP blend_q16_32_return2.
DSP Report: Generating DSP blend_q16_32_return2, operation Mode is: (PCIN>>17)+A*B.
DSP Report: operator blend_q16_32_return2 is absorbed into DSP blend_q16_32_return2.
DSP Report: operator blend_q16_32_return2 is absorbed into DSP blend_q16_32_return2.
INFO: [Synth 8-7129] Port s00_axi_awprot[2] in module design_1_reverb_axi_wrapper_0_0 is either unconnected or has no load
INFO: [Synth 8-7129] Port s00_axi_awprot[1] in module design_1_reverb_axi_wrapper_0_0 is either unconnected or has no load
INFO: [Synth 8-7129] Port s00_axi_awprot[0] in module design_1_reverb_axi_wrapper_0_0 is either unconnected or has no load
INFO: [Synth 8-7129] Port s00_axi_arprot[2] in module design_1_reverb_axi_wrapper_0_0 is either unconnected or has no load
INFO: [Synth 8-7129] Port s00_axi_arprot[1] in module design_1_reverb_axi_wrapper_0_0 is either unconnected or has no load
INFO: [Synth 8-7129] Port s00_axi_arprot[0] in module design_1_reverb_axi_wrapper_0_0 is either unconnected or has no load
---------------------------------------------------------------------------------
Finished Cross Boundary and Area Optimization : Time (s): cpu = 00:00:29 ; elapsed = 00:00:31 . Memory (MB): peak = 1638.168 ; gain = 833.527
---------------------------------------------------------------------------------
 Sort Area is  blend_q16_32_return2_10 : 0 0 : 3052 5682 : Used 1 time 0
 Sort Area is  blend_q16_32_return2_10 : 0 1 : 2630 5682 : Used 1 time 0
 Sort Area is  blend_q16_32_return2_14 : 0 0 : 3052 5682 : Used 1 time 0
 Sort Area is  blend_q16_32_return2_14 : 0 1 : 2630 5682 : Used 1 time 0
 Sort Area is  blend_q16_32_return2_3 : 0 0 : 3052 5682 : Used 1 time 0
 Sort Area is  blend_q16_32_return2_3 : 0 1 : 2630 5682 : Used 1 time 0
 Sort Area is  blend_q16_32_return2_a : 0 0 : 3052 5682 : Used 1 time 0
 Sort Area is  blend_q16_32_return2_a : 0 1 : 2630 5682 : Used 1 time 0
 Sort Area is  blend_q16_32_return2_d : 0 0 : 3052 5682 : Used 1 time 0
 Sort Area is  blend_q16_32_return2_d : 0 1 : 2630 5682 : Used 1 time 0
 Sort Area is  mul_q16_32_return1_11 : 0 0 : 3034 5649 : Used 1 time 0
 Sort Area is  mul_q16_32_return1_11 : 0 1 : 2615 5649 : Used 1 time 0
 Sort Area is  mul_q16_32_return1_6 : 0 0 : 3034 5649 : Used 1 time 0
 Sort Area is  mul_q16_32_return1_6 : 0 1 : 2615 5649 : Used 1 time 0
 Sort Area is  mul_q16_32_return1_b : 0 0 : 3034 5649 : Used 1 time 0
 Sort Area is  mul_q16_32_return1_b : 0 1 : 2615 5649 : Used 1 time 0
 Sort Area is  mul_q16_32_return1_e : 0 0 : 3034 5649 : Used 1 time 0
 Sort Area is  mul_q16_32_return1_e : 0 1 : 2615 5649 : Used 1 time 0
 Sort Area is  blend_q16_32_return2_12 : 0 0 : 3035 5633 : Used 1 time 0
 Sort Area is  blend_q16_32_return2_12 : 0 1 : 2598 5633 : Used 1 time 0
 Sort Area is  blend_q16_32_return2_0 : 0 0 : 3017 5615 : Used 1 time 0
 Sort Area is  blend_q16_32_return2_0 : 0 1 : 2598 5615 : Used 1 time 0
 Sort Area is  blend_q16_32_return2_9 : 0 0 : 3017 5615 : Used 1 time 0
 Sort Area is  blend_q16_32_return2_9 : 0 1 : 2598 5615 : Used 1 time 0
 Sort Area is  blend_q16_32_return2_c : 0 0 : 3017 5615 : Used 1 time 0
 Sort Area is  blend_q16_32_return2_c : 0 1 : 2598 5615 : Used 1 time 0
 Sort Area is  blend_q16_32_return2_f : 0 0 : 3017 5615 : Used 1 time 0
 Sort Area is  blend_q16_32_return2_f : 0 1 : 2598 5615 : Used 1 time 0
---------------------------------------------------------------------------------
Start ROM, RAM, DSP, Shift Register and Retiming Reporting
---------------------------------------------------------------------------------

Block RAM: Preliminary Mapping Report (see note below)
+------------------------+---------------+------------------------+---+---+------------------------+---+---+------------------+--------+--------+
|Module Name             | RTL Object    | PORT A (Depth x Width) | W | R | PORT B (Depth x Width) | W | R | Ports driving FF | RAMB18 | RAMB36 | 
+------------------------+---------------+------------------------+---+---+------------------------+---+---+------------------+--------+--------+
|\inst/reverb_internals  | ap2_mem_reg   | 83 x 32(READ_FIRST)    | W | R |                        |   |   | Port A           | 1      | 0      | 
|\inst/reverb_internals  | ap1_mem_reg   | 241 x 32(READ_FIRST)   | W | R |                        |   |   | Port A           | 1      | 0      | 
|\inst/reverb_internals  | comb1_mem_reg | 1 K x 32(READ_FIRST)   | W | R |                        |   |   | Port A           | 0      | 2      | 
|\inst/reverb_internals  | comb2_mem_reg | 2 K x 32(READ_FIRST)   | W | R |                        |   |   | Port A           | 0      | 4      | 
|\inst/reverb_internals  | comb3_mem_reg | 2 K x 32(READ_FIRST)   | W | R |                        |   |   | Port A           | 0      | 4      | 
|\inst/reverb_internals  | comb0_mem_reg | 1 K x 32(READ_FIRST)   | W | R |                        |   |   | Port A           | 0      | 2      | 
+------------------------+---------------+------------------------+---+---+------------------------+---+---+------------------+--------+--------+

Note: The table above is a preliminary report that shows the Block RAMs at the current stage of the synthesis flow. Some Block RAMs may be reimplemented as non Block RAM primitives later in the synthesis flow. Multiple instantiated Block RAMs are reported only once. 

DSP: Preliminary Mapping Report (see note below. The ' indicates corresponding REG is set)
+------------+------------------+--------+--------+--------+--------+--------+------+------+------+------+-------+------+------+
|Module Name | DSP Mapping      | A Size | B Size | C Size | D Size | P Size | AREG | BREG | CREG | DREG | ADREG | MREG | PREG | 
+------------+------------------+--------+--------+--------+--------+--------+------+------+------+------+-------+------+------+
|reverb      | A2*B2            | 18     | 17     | -      | -      | 48     | 1    | 1    | -    | -    | -     | 0    | 0    | 
|reverb      | (PCIN>>17)+A2*B2 | 17     | 15     | -      | -      | 48     | 1    | 1    | -    | -    | -     | 0    | 0    | 
|reverb      | A*B              | 18     | 17     | -      | -      | 48     | 0    | 0    | -    | -    | -     | 0    | 0    | 
|reverb      | (PCIN>>17)+A*B   | 17     | 15     | -      | -      | 48     | 0    | 0    | -    | -    | -     | 0    | 0    | 
|reverb      | A*B2             | 18     | 17     | -      | -      | 48     | 0    | 1    | -    | -    | -     | 0    | 0    | 
|reverb      | (PCIN>>17)+A2*B  | 17     | 15     | -      | -      | 48     | 1    | 0    | -    | -    | -     | 0    | 0    | 
|reverb      | A2*B2            | 18     | 17     | -      | -      | 48     | 1    | 1    | -    | -    | -     | 0    | 0    | 
|reverb      | (PCIN>>17)+A2*B2 | 17     | 15     | -      | -      | 48     | 1    | 1    | -    | -    | -     | 0    | 0    | 
|reverb      | A*B              | 18     | 17     | -      | -      | 48     | 0    | 0    | -    | -    | -     | 0    | 0    | 
|reverb      | (PCIN>>17)+A*B   | 17     | 15     | -      | -      | 48     | 0    | 0    | -    | -    | -     | 0    | 0    | 
|reverb      | A*B2             | 18     | 17     | -      | -      | 48     | 0    | 1    | -    | -    | -     | 0    | 0    | 
|reverb      | (PCIN>>17)+A2*B  | 17     | 15     | -      | -      | 48     | 1    | 0    | -    | -    | -     | 0    | 0    | 
|reverb      | A2*B2            | 18     | 17     | -      | -      | 48     | 1    | 1    | -    | -    | -     | 0    | 0    | 
|reverb      | (PCIN>>17)+A2*B2 | 17     | 15     | -      | -      | 48     | 1    | 1    | -    | -    | -     | 0    | 0    | 
|reverb      | A*B              | 18     | 17     | -      | -      | 48     | 0    | 0    | -    | -    | -     | 0    | 0    | 
|reverb      | (PCIN>>17)+A*B   | 17     | 15     | -      | -      | 48     | 0    | 0    | -    | -    | -     | 0    | 0    | 
|reverb      | A*B2             | 18     | 17     | -      | -      | 48     | 0    | 1    | -    | -    | -     | 0    | 0    | 
|reverb      | (PCIN>>17)+A2*B  | 17     | 15     | -      | -      | 48     | 1    | 0    | -    | -    | -     | 0    | 0    | 
|reverb      | A2*B2            | 18     | 17     | -      | -      | 48     | 1    | 1    | -    | -    | -     | 0    | 0    | 
|reverb      | (PCIN>>17)+A2*B2 | 17     | 15     | -      | -      | 48     | 1    | 1    | -    | -    | -     | 0    | 0    | 
|reverb      | A*B              | 18     | 17     | -      | -      | 48     | 0    | 0    | -    | -    | -     | 0    | 0    | 
|reverb      | (PCIN>>17)+A*B   | 17     | 15     | -      | -      | 48     | 0    | 0    | -    | -    | -     | 0    | 0    | 
|reverb      | A*B2             | 18     | 17     | -      | -      | 48     | 0    | 1    | -    | -    | -     | 0    | 0    | 
|reverb      | (PCIN>>17)+A2*B  | 17     | 15     | -      | -      | 48     | 1    | 0    | -    | -    | -     | 0    | 0    | 
|reverb      | A2*B2            | 18     | 17     | -      | -      | 48     | 1    | 1    | -    | -    | -     | 0    | 0    | 
|reverb      | (PCIN>>17)+A2*B2 | 17     | 15     | -      | -      | 48     | 1    | 1    | -    | -    | -     | 0    | 0    | 
|reverb      | A2*B             | 18     | 17     | -      | -      | 48     | 1    | 0    | -    | -    | -     | 0    | 0    | 
|reverb      | (PCIN>>17)+A*B   | 17     | 15     | -      | -      | 48     | 0    | 0    | -    | -    | -     | 0    | 0    | 
+------------+------------------+--------+--------+--------+--------+--------+------+------+------+------+-------+------+------+

Note: The table above is a preliminary report that shows the DSPs inferred at the current stage of the synthesis flow. Some DSP may be reimplemented as non DSP primitives later in the synthesis flow. Multiple instantiated DSPs are reported only once.
---------------------------------------------------------------------------------
Finished ROM, RAM, DSP, Shift Register and Retiming Reporting
---------------------------------------------------------------------------------
No constraint files found.
---------------------------------------------------------------------------------
Start Timing Optimization
---------------------------------------------------------------------------------
---------------------------------------------------------------------------------
Finished Timing Optimization : Time (s): cpu = 00:00:29 ; elapsed = 00:00:31 . Memory (MB): peak = 1638.168 ; gain = 833.527
---------------------------------------------------------------------------------
---------------------------------------------------------------------------------
Start ROM, RAM, DSP, Shift Register and Retiming Reporting
---------------------------------------------------------------------------------

Block RAM: Final Mapping Report
+------------------------+---------------+------------------------+---+---+------------------------+---+---+------------------+--------+--------+
|Module Name             | RTL Object    | PORT A (Depth x Width) | W | R | PORT B (Depth x Width) | W | R | Ports driving FF | RAMB18 | RAMB36 | 
+------------------------+---------------+------------------------+---+---+------------------------+---+---+------------------+--------+--------+
|\inst/reverb_internals  | ap2_mem_reg   | 83 x 32(READ_FIRST)    | W | R |                        |   |   | Port A           | 1      | 0      | 
|\inst/reverb_internals  | ap1_mem_reg   | 241 x 32(READ_FIRST)   | W | R |                        |   |   | Port A           | 1      | 0      | 
|\inst/reverb_internals  | comb1_mem_reg | 1 K x 32(READ_FIRST)   | W | R |                        |   |   | Port A           | 0      | 2      | 
|\inst/reverb_internals  | comb2_mem_reg | 2 K x 32(READ_FIRST)   | W | R |                        |   |   | Port A           | 0      | 4      | 
|\inst/reverb_internals  | comb3_mem_reg | 2 K x 32(READ_FIRST)   | W | R |                        |   |   | Port A           | 0      | 4      | 
|\inst/reverb_internals  | comb0_mem_reg | 1 K x 32(READ_FIRST)   | W | R |                        |   |   | Port A           | 0      | 2      | 
+------------------------+---------------+------------------------+---+---+------------------------+---+---+------------------+--------+--------+

---------------------------------------------------------------------------------
Finished ROM, RAM, DSP, Shift Register and Retiming Reporting
---------------------------------------------------------------------------------
---------------------------------------------------------------------------------
Start Technology Mapping
---------------------------------------------------------------------------------
INFO: [Synth 8-7052] The timing for the instance inst/reverb_internals/ap2_mem_reg (implemented as a Block RAM) might be sub-optimal as no optional output register could be merged into the ram block. Providing additional output register may help in improving timing.
INFO: [Synth 8-7052] The timing for the instance inst/reverb_internals/ap2_mem_reg (implemented as a Block RAM) might be sub-optimal as no optional output register could be merged into the ram block. Providing additional output register may help in improving timing.
INFO: [Synth 8-7052] The timing for the instance inst/reverb_internals/ap1_mem_reg (implemented as a Block RAM) might be sub-optimal as no optional output register could be merged into the ram block. Providing additional output register may help in improving timing.
INFO: [Synth 8-7052] The timing for the instance inst/reverb_internals/ap1_mem_reg (implemented as a Block RAM) might be sub-optimal as no optional output register could be merged into the ram block. Providing additional output register may help in improving timing.
INFO: [Synth 8-7052] The timing for the instance inst/reverb_internals/comb1_mem_reg_0 (implemented as a Block RAM) might be sub-optimal as no optional output register could be merged into the ram block. Providing additional output register may help in improving timing.
INFO: [Synth 8-7052] The timing for the instance inst/reverb_internals/comb1_mem_reg_1 (implemented as a Block RAM) might be sub-optimal as no optional output register could be merged into the ram block. Providing additional output register may help in improving timing.
INFO: [Synth 8-7052] The timing for the instance inst/reverb_internals/comb2_mem_reg_0 (implemented as a Block RAM) might be sub-optimal as no optional output register could be merged into the ram block. Providing additional output register may help in improving timing.
INFO: [Synth 8-7052] The timing for the instance inst/reverb_internals/comb2_mem_reg_1 (implemented as a Block RAM) might be sub-optimal as no optional output register could be merged into the ram block. Providing additional output register may help in improving timing.
INFO: [Synth 8-7052] The timing for the instance inst/reverb_internals/comb2_mem_reg_2 (implemented as a Block RAM) might be sub-optimal as no optional output register could be merged into the ram block. Providing additional output register may help in improving timing.
INFO: [Synth 8-7052] The timing for the instance inst/reverb_internals/comb2_mem_reg_3 (implemented as a Block RAM) might be sub-optimal as no optional output register could be merged into the ram block. Providing additional output register may help in improving timing.
INFO: [Synth 8-7052] The timing for the instance inst/reverb_internals/comb3_mem_reg_0 (implemented as a Block RAM) might be sub-optimal as no optional output register could be merged into the ram block. Providing additional output register may help in improving timing.
INFO: [Synth 8-7052] The timing for the instance inst/reverb_internals/comb3_mem_reg_1 (implemented as a Block RAM) might be sub-optimal as no optional output register could be merged into the ram block. Providing additional output register may help in improving timing.
INFO: [Synth 8-7052] The timing for the instance inst/reverb_internals/comb3_mem_reg_2 (implemented as a Block RAM) might be sub-optimal as no optional output register could be merged into the ram block. Providing additional output register may help in improving timing.
INFO: [Synth 8-7052] The timing for the instance inst/reverb_internals/comb3_mem_reg_3 (implemented as a Block RAM) might be sub-optimal as no optional output register could be merged into the ram block. Providing additional output register may help in improving timing.
INFO: [Synth 8-7052] The timing for the instance inst/reverb_internals/comb0_mem_reg_0 (implemented as a Block RAM) might be sub-optimal as no optional output register could be merged into the ram block. Providing additional output register may help in improving timing.
INFO: [Synth 8-7052] The timing for the instance inst/reverb_internals/comb0_mem_reg_1 (implemented as a Block RAM) might be sub-optimal as no optional output register could be merged into the ram block. Providing additional output register may help in improving timing.
---------------------------------------------------------------------------------
Finished Technology Mapping : Time (s): cpu = 00:00:30 ; elapsed = 00:00:32 . Memory (MB): peak = 1638.168 ; gain = 833.527
---------------------------------------------------------------------------------
---------------------------------------------------------------------------------
Start IO Insertion
---------------------------------------------------------------------------------
---------------------------------------------------------------------------------
Start Flattening Before IO Insertion
---------------------------------------------------------------------------------
---------------------------------------------------------------------------------
Finished Flattening Before IO Insertion
---------------------------------------------------------------------------------
---------------------------------------------------------------------------------
Start Final Netlist Cleanup
---------------------------------------------------------------------------------
---------------------------------------------------------------------------------
Finished Final Netlist Cleanup
---------------------------------------------------------------------------------
---------------------------------------------------------------------------------
Finished IO Insertion : Time (s): cpu = 00:00:35 ; elapsed = 00:00:37 . Memory (MB): peak = 1854.711 ; gain = 1050.070
---------------------------------------------------------------------------------
---------------------------------------------------------------------------------
Start Renaming Generated Instances
---------------------------------------------------------------------------------
---------------------------------------------------------------------------------
Finished Renaming Generated Instances : Time (s): cpu = 00:00:35 ; elapsed = 00:00:37 . Memory (MB): peak = 1854.711 ; gain = 1050.070
---------------------------------------------------------------------------------
---------------------------------------------------------------------------------
Start Rebuilding User Hierarchy
---------------------------------------------------------------------------------
---------------------------------------------------------------------------------
Finished Rebuilding User Hierarchy : Time (s): cpu = 00:00:35 ; elapsed = 00:00:37 . Memory (MB): peak = 1854.711 ; gain = 1050.070
---------------------------------------------------------------------------------
---------------------------------------------------------------------------------
Start Renaming Generated Ports
---------------------------------------------------------------------------------
---------------------------------------------------------------------------------
Finished Renaming Generated Ports : Time (s): cpu = 00:00:35 ; elapsed = 00:00:37 . Memory (MB): peak = 1854.711 ; gain = 1050.070
---------------------------------------------------------------------------------
---------------------------------------------------------------------------------
Start Handling Custom Attributes
---------------------------------------------------------------------------------
---------------------------------------------------------------------------------
Finished Handling Custom Attributes : Time (s): cpu = 00:00:35 ; elapsed = 00:00:37 . Memory (MB): peak = 1855.730 ; gain = 1051.090
---------------------------------------------------------------------------------
---------------------------------------------------------------------------------
Start Renaming Generated Nets
---------------------------------------------------------------------------------
---------------------------------------------------------------------------------
Finished Renaming Generated Nets : Time (s): cpu = 00:00:35 ; elapsed = 00:00:37 . Memory (MB): peak = 1855.730 ; gain = 1051.090
---------------------------------------------------------------------------------
---------------------------------------------------------------------------------
Start Writing Synthesis Report
---------------------------------------------------------------------------------

DSP Final Report (the ' indicates corresponding REG is set)
+------------+----------------+--------+--------+--------+--------+--------+------+------+------+------+-------+------+------+
|Module Name | DSP Mapping    | A Size | B Size | C Size | D Size | P Size | AREG | BREG | CREG | DREG | ADREG | MREG | PREG | 
+------------+----------------+--------+--------+--------+--------+--------+------+------+------+------+-------+------+------+
|reverb      | A'*B'          | 17     | 16     | -      | -      | 48     | 1    | 1    | -    | -    | -     | 0    | 0    | 
|reverb      | PCIN>>17+A'*B' | 16     | 18     | -      | -      | 48     | 1    | 1    | -    | -    | -     | 0    | 0    | 
|reverb      | A*B            | 17     | 16     | -      | -      | 48     | 0    | 0    | -    | -    | -     | 0    | 0    | 
|reverb      | PCIN>>17+A*B   | 16     | 18     | -      | -      | 48     | 0    | 0    | -    | -    | -     | 0    | 0    | 
|reverb      | A*B'           | 17     | 16     | -      | -      | 48     | 0    | 1    | -    | -    | -     | 0    | 0    | 
|reverb      | PCIN>>17+A'*B  | 16     | 18     | -      | -      | 48     | 1    | 0    | -    | -    | -     | 0    | 0    | 
|reverb      | A'*B'          | 17     | 16     | -      | -      | 48     | 1    | 1    | -    | -    | -     | 0    | 0    | 
|reverb      | PCIN>>17+A'*B' | 16     | 18     | -      | -      | 48     | 1    | 1    | -    | -    | -     | 0    | 0    | 
|reverb      | A*B            | 17     | 16     | -      | -      | 48     | 0    | 0    | -    | -    | -     | 0    | 0    | 
|reverb      | PCIN>>17+A*B   | 16     | 18     | -      | -      | 48     | 0    | 0    | -    | -    | -     | 0    | 0    | 
|reverb      | A*B'           | 17     | 16     | -      | -      | 48     | 0    | 1    | -    | -    | -     | 0    | 0    | 
|reverb      | PCIN>>17+A'*B  | 16     | 18     | -      | -      | 48     | 1    | 0    | -    | -    | -     | 0    | 0    | 
|reverb      | A'*B'          | 17     | 16     | -      | -      | 48     | 1    | 1    | -    | -    | -     | 0    | 0    | 
|reverb      | PCIN>>17+A'*B' | 16     | 18     | -      | -      | 48     | 1    | 1    | -    | -    | -     | 0    | 0    | 
|reverb      | A*B            | 17     | 16     | -      | -      | 48     | 0    | 0    | -    | -    | -     | 0    | 0    | 
|reverb      | PCIN>>17+A*B   | 16     | 18     | -      | -      | 48     | 0    | 0    | -    | -    | -     | 0    | 0    | 
|reverb      | A*B'           | 17     | 16     | -      | -      | 48     | 0    | 1    | -    | -    | -     | 0    | 0    | 
|reverb      | PCIN>>17+A'*B  | 16     | 18     | -      | -      | 48     | 1    | 0    | -    | -    | -     | 0    | 0    | 
|reverb      | A'*B'          | 17     | 16     | -      | -      | 48     | 1    | 1    | -    | -    | -     | 0    | 0    | 
|reverb      | PCIN>>17+A'*B' | 16     | 18     | -      | -      | 48     | 1    | 1    | -    | -    | -     | 0    | 0    | 
|reverb      | A*B            | 17     | 16     | -      | -      | 48     | 0    | 0    | -    | -    | -     | 0    | 0    | 
|reverb      | PCIN>>17+A*B   | 16     | 18     | -      | -      | 48     | 0    | 0    | -    | -    | -     | 0    | 0    | 
|reverb      | A*B'           | 17     | 16     | -      | -      | 48     | 0    | 1    | -    | -    | -     | 0    | 0    | 
|reverb      | PCIN>>17+A'*B  | 16     | 18     | -      | -      | 48     | 1    | 0    | -    | -    | -     | 0    | 0    | 
|reverb      | A'*B'          | 17     | 16     | -      | -      | 48     | 1    | 1    | -    | -    | -     | 0    | 0    | 
|reverb      | PCIN>>17+A'*B' | 16     | 18     | -      | -      | 48     | 1    | 1    | -    | -    | -     | 0    | 0    | 
|reverb      | A'*B           | 17     | 16     | -      | -      | 48     | 1    | 0    | -    | -    | -     | 0    | 0    | 
|reverb      | PCIN>>17+A*B'  | 16     | 18     | -      | -      | 48     | 0    | 1    | -    | -    | -     | 0    | 0    | 
+------------+----------------+--------+--------+--------+--------+--------+------+------+------+------+-------+------+------+


Report BlackBoxes: 
+-+--------------+----------+
| |BlackBox name |Instances |
+-+--------------+----------+
+-+--------------+----------+

Report Cell Usage: 
+------+---------+------+
|      |Cell     |Count |
+------+---------+------+
|1     |CARRY4   |   245|
|2     |DSP48E1  |    28|
|3     |LUT1     |    64|
|4     |LUT2     |   671|
|5     |LUT3     |   441|
|6     |LUT4     |   186|
|7     |LUT5     |   191|
|8     |LUT6     |   137|
|9     |RAMB18E1 |     2|
|10    |RAMB36E1 |    12|
|11    |FDRE     |   421|
+------+---------+------+
---------------------------------------------------------------------------------
Finished Writing Synthesis Report : Time (s): cpu = 00:00:35 ; elapsed = 00:00:37 . Memory (MB): peak = 1855.730 ; gain = 1051.090
---------------------------------------------------------------------------------
Synthesis finished with 0 errors, 0 critical warnings and 0 warnings.
Synthesis Optimization Runtime : Time (s): cpu = 00:00:23 ; elapsed = 00:00:35 . Memory (MB): peak = 1855.730 ; gain = 981.273
Synthesis Optimization Complete : Time (s): cpu = 00:00:35 ; elapsed = 00:00:37 . Memory (MB): peak = 1855.730 ; gain = 1051.090
INFO: [Project 1-571] Translating synthesized netlist
Netlist sorting complete. Time (s): cpu = 00:00:00 ; elapsed = 00:00:00.026 . Memory (MB): peak = 1867.816 ; gain = 0.000
INFO: [Netlist 29-17] Analyzing 287 Unisim elements for replacement
INFO: [Netlist 29-28] Unisim Transformation completed in 1 CPU seconds
WARNING: [Netlist 29-101] Netlist 'design_1_reverb_axi_wrapper_0_0' is not ideal for floorplanning, since the cellview 'reverb' contains a large number of primitives.  Please consider enabling hierarchy in synthesis if you want to do floorplanning.
INFO: [Project 1-570] Preparing netlist for logic optimization
INFO: [Opt 31-138] Pushed 0 inverter(s) to 0 load pin(s).
Netlist sorting complete. Time (s): cpu = 00:00:00 ; elapsed = 00:00:00.001 . Memory (MB): peak = 1970.672 ; gain = 0.000
INFO: [Project 1-111] Unisim Transformation Summary:
No Unisim elements were transformed.

Synth Design complete | Checksum: bc7998a
INFO: [Common 17-83] Releasing license: Vivado_Synthesis
64 Infos, 2 Warnings, 0 Critical Warnings and 0 Errors encountered.
synth_design completed successfully
synth_design: Time (s): cpu = 00:00:41 ; elapsed = 00:00:44 . Memory (MB): peak = 1971.656 ; gain = 1365.930
Write ShapeDB Complete: Time (s): cpu = 00:00:00 ; elapsed = 00:00:00.004 . Memory (MB): peak = 1971.656 ; gain = 0.000
INFO: [Common 17-1381] The checkpoint 'C:/Users/cargi/Documents/1Fa26/SD/digital_effects_2026-1/digital_effects_2026-1.runs/design_1_reverb_axi_wrapper_0_0_synth_1/design_1_reverb_axi_wrapper_0_0.dcp' has been generated.
INFO: [Ipptcl 7-1612] Added synthesis output to IP cache for IP design_1_reverb_axi_wrapper_0_0, cache-ID = b73600d09b287fc0
INFO: [Coretcl 2-1174] Renamed 3 cell refs.
Write ShapeDB Complete: Time (s): cpu = 00:00:00 ; elapsed = 00:00:00.004 . Memory (MB): peak = 1971.656 ; gain = 0.000
INFO: [Common 17-1381] The checkpoint 'C:/Users/cargi/Documents/1Fa26/SD/digital_effects_2026-1/digital_effects_2026-1.runs/design_1_reverb_axi_wrapper_0_0_synth_1/design_1_reverb_axi_wrapper_0_0.dcp' has been generated.
INFO: [Vivado 12-24828] Executing command : report_utilization -file design_1_reverb_axi_wrapper_0_0_utilization_synth.rpt -pb design_1_reverb_axi_wrapper_0_0_utilization_synth.pb
INFO: [Common 17-206] Exiting Vivado at Fri Oct  9 09:33:30 2026...
