Copyright 1986-2022 Xilinx, Inc. All Rights Reserved. Copyright 2022-2026 Advanced Micro Devices, Inc. All Rights Reserved.
---------------------------------------------------------------------------------------------------------------------------------------------
| Tool Version : Vivado v.2026.1 (win64) Build 6511674 Tue Jun 16 11:02:23 MDT 2026
| Date         : Thu Oct  8 19:24:16 2026
| Host         : MostlyEtc running 64-bit major release  (build 9200)
| Command      : report_control_sets -verbose -file design_1_wrapper_control_sets_placed.rpt
| Design       : design_1_wrapper
| Device       : xc7z010
---------------------------------------------------------------------------------------------------------------------------------------------

Control Set Information

Table of Contents
-----------------
1. Summary
2. Histogram
3. Flip-Flop Distribution
4. Detailed Control Set Information

1. Summary
----------

+----------------------------------------------------------+-------+
|                          Status                          | Count |
+----------------------------------------------------------+-------+
| Total control sets                                       |    70 |
|    Minimum number of control sets                        |    70 |
|    Addition due to synthesis replication                 |     0 |
|    Addition due to physical synthesis replication        |     0 |
| Unused register locations in slices containing registers |   115 |
+----------------------------------------------------------+-------+
* Control sets can be merged at opt_design using control_set_merge or merge_equivalent_drivers
** Run report_qor_suggestions for automated merging and remapping suggestions


2. Histogram
------------

+--------------------+-------+
|       Fanout       | Count |
+--------------------+-------+
| Total control sets |    70 |
| >= 0 to < 4        |     0 |
| >= 4 to < 6        |     3 |
| >= 6 to < 8        |     3 |
| >= 8 to < 10       |    34 |
| >= 10 to < 12      |     8 |
| >= 12 to < 14      |     6 |
| >= 14 to < 16      |     0 |
| >= 16              |    16 |
+--------------------+-------+
* Control sets can be remapped at either synth_design or opt_design


3. Flip-Flop Distribution
-------------------------

+--------------+-----------------------+------------------------+-----------------+--------------+
| Clock Enable | Synchronous Set/Reset | Asynchronous Set/Reset | Total Registers | Total Slices |
+--------------+-----------------------+------------------------+-----------------+--------------+
| No           | No                    | No                     |             102 |           40 |
| No           | No                    | Yes                    |               0 |            0 |
| No           | Yes                   | No                     |             133 |           42 |
| Yes          | No                    | No                     |             295 |           88 |
| Yes          | No                    | Yes                    |               0 |            0 |
| Yes          | Yes                   | No                     |             515 |          145 |
+--------------+-----------------------+------------------------+-----------------+--------------+


4. Detailed Control Set Information
-----------------------------------

+-------------------------------------------------+------------------------------------------------------------------------------------------------------------------------------+----------------------------------------------------------------------------------------------------------------------------+------------------+----------------+--------------+
|                   Clock Signal                  |                                                         Enable Signal                                                        |                                                      Set/Reset Signal                                                      | Slice Load Count | Bel Load Count | Bels / Slice |
+-------------------------------------------------+------------------------------------------------------------------------------------------------------------------------------+----------------------------------------------------------------------------------------------------------------------------+------------------+----------------+--------------+
|  design_1_i/clk_wiz_0/inst/clk_out1             | design_1_i/chorus_axi_wrapper_0/inst/chorus_internals/state[3]_i_1_n_0                                                       |                                                                                                                            |                1 |              4 |         4.00 |
|  design_1_i/processing_system7_0/inst/FCLK_CLK0 |                                                                                                                              | design_1_i/rst_ps7_0_50M/U0/EXT_LPF/lpf_int                                                                                |                1 |              4 |         4.00 |
|  design_1_i/processing_system7_0/inst/FCLK_CLK0 | design_1_i/axi_smc/inst/sc_ul/inst/gen_axi_full_nxm.sasd_inst/gen_write.aw_incr[2]_i_1_n_0                                   | design_1_i/axi_smc/inst/sc_ul/inst/gen_axi_full_nxm.sasd_inst/gen_read.s_axi_arready_vec_i[0]_i_1_n_0                      |                2 |              5 |         2.50 |
|  design_1_i/processing_system7_0/inst/FCLK_CLK0 | design_1_i/axi_smc/inst/sc_ul/inst/gen_axi_full_nxm.sasd_inst/gen_write.w_split[4]_i_1_n_0                                   | design_1_i/axi_smc/inst/sc_ul/inst/gen_axi_full_nxm.sasd_inst/gen_read.s_axi_arready_vec_i[0]_i_1_n_0                      |                3 |              6 |         2.00 |
|  design_1_i/processing_system7_0/inst/FCLK_CLK0 | design_1_i/axi_smc/inst/sc_ul/inst/gen_axi_full_nxm.sasd_inst/last_r_split                                                   | design_1_i/axi_smc/inst/sc_ul/inst/gen_axi_full_nxm.sasd_inst/gen_read.s_axi_arready_vec_i[0]_i_1_n_0                      |                5 |              6 |         1.20 |
|  design_1_i/processing_system7_0/inst/FCLK_CLK0 | design_1_i/rst_ps7_0_50M/U0/SEQ/seq_cnt_en                                                                                   | design_1_i/rst_ps7_0_50M/U0/SEQ/SEQ_COUNTER/clear                                                                          |                1 |              6 |         6.00 |
|  design_1_i/processing_system7_0/inst/FCLK_CLK0 | design_1_i/axi_smc/inst/sc_ul/inst/gen_axi_full_nxm.sasd_inst/last_r_repeat                                                  | design_1_i/axi_smc/inst/sc_ul/inst/gen_axi_full_nxm.sasd_inst/gen_read.s_axi_arready_vec_i[0]_i_1_n_0                      |                3 |              8 |         2.67 |
|  design_1_i/processing_system7_0/inst/FCLK_CLK0 | design_1_i/delay_axi_wrapper_0/inst/delay_axi_wrapper_slave_lite_v1_0_S00_AXI_inst/slv_reg3[7]_i_1_n_0                       | design_1_i/delay_axi_wrapper_0/inst/delay_axi_wrapper_slave_lite_v1_0_S00_AXI_inst/axi_awready_i_1_n_0                     |                3 |              8 |         2.67 |
|  design_1_i/processing_system7_0/inst/FCLK_CLK0 | design_1_i/delay_axi_wrapper_0/inst/delay_axi_wrapper_slave_lite_v1_0_S00_AXI_inst/slv_reg1[31]_i_1_n_0                      | design_1_i/delay_axi_wrapper_0/inst/delay_axi_wrapper_slave_lite_v1_0_S00_AXI_inst/axi_awready_i_1_n_0                     |                1 |              8 |         8.00 |
|  design_1_i/processing_system7_0/inst/FCLK_CLK0 | design_1_i/delay_axi_wrapper_0/inst/delay_axi_wrapper_slave_lite_v1_0_S00_AXI_inst/slv_reg2[23]_i_1_n_0                      | design_1_i/delay_axi_wrapper_0/inst/delay_axi_wrapper_slave_lite_v1_0_S00_AXI_inst/axi_awready_i_1_n_0                     |                2 |              8 |         4.00 |
|  design_1_i/processing_system7_0/inst/FCLK_CLK0 | design_1_i/delay_axi_wrapper_0/inst/delay_axi_wrapper_slave_lite_v1_0_S00_AXI_inst/slv_reg1[23]_i_1_n_0                      | design_1_i/delay_axi_wrapper_0/inst/delay_axi_wrapper_slave_lite_v1_0_S00_AXI_inst/axi_awready_i_1_n_0                     |                3 |              8 |         2.67 |
|  design_1_i/processing_system7_0/inst/FCLK_CLK0 | design_1_i/chorus_axi_wrapper_0/inst/chorus_axi_wrapper_slave_lite_v1_0_S00_AXI_inst/slv_reg1[31]_i_1_n_0                    | design_1_i/chorus_axi_wrapper_0/inst/chorus_axi_wrapper_slave_lite_v1_0_S00_AXI_inst/axi_awready_i_1_n_0                   |                3 |              8 |         2.67 |
|  design_1_i/processing_system7_0/inst/FCLK_CLK0 | design_1_i/chorus_axi_wrapper_0/inst/chorus_axi_wrapper_slave_lite_v1_0_S00_AXI_inst/slv_reg2[23]_i_1_n_0                    | design_1_i/chorus_axi_wrapper_0/inst/chorus_axi_wrapper_slave_lite_v1_0_S00_AXI_inst/axi_awready_i_1_n_0                   |                2 |              8 |         4.00 |
|  design_1_i/processing_system7_0/inst/FCLK_CLK0 | design_1_i/delay_axi_wrapper_0/inst/delay_axi_wrapper_slave_lite_v1_0_S00_AXI_inst/slv_reg2[15]_i_1_n_0                      | design_1_i/delay_axi_wrapper_0/inst/delay_axi_wrapper_slave_lite_v1_0_S00_AXI_inst/axi_awready_i_1_n_0                     |                1 |              8 |         8.00 |
|  design_1_i/processing_system7_0/inst/FCLK_CLK0 | design_1_i/chorus_axi_wrapper_0/inst/chorus_axi_wrapper_slave_lite_v1_0_S00_AXI_inst/slv_reg0[23]_i_1_n_0                    | design_1_i/chorus_axi_wrapper_0/inst/chorus_axi_wrapper_slave_lite_v1_0_S00_AXI_inst/axi_awready_i_1_n_0                   |                1 |              8 |         8.00 |
|  design_1_i/processing_system7_0/inst/FCLK_CLK0 | design_1_i/delay_axi_wrapper_0/inst/delay_axi_wrapper_slave_lite_v1_0_S00_AXI_inst/slv_reg3[23]_i_1_n_0                      | design_1_i/delay_axi_wrapper_0/inst/delay_axi_wrapper_slave_lite_v1_0_S00_AXI_inst/axi_awready_i_1_n_0                     |                1 |              8 |         8.00 |
|  design_1_i/processing_system7_0/inst/FCLK_CLK0 | design_1_i/delay_axi_wrapper_0/inst/delay_axi_wrapper_slave_lite_v1_0_S00_AXI_inst/p_1_in[23]                                | design_1_i/delay_axi_wrapper_0/inst/delay_axi_wrapper_slave_lite_v1_0_S00_AXI_inst/axi_awready_i_1_n_0                     |                2 |              8 |         4.00 |
|  design_1_i/processing_system7_0/inst/FCLK_CLK0 | design_1_i/delay_axi_wrapper_0/inst/delay_axi_wrapper_slave_lite_v1_0_S00_AXI_inst/p_1_in[7]                                 | design_1_i/delay_axi_wrapper_0/inst/delay_axi_wrapper_slave_lite_v1_0_S00_AXI_inst/axi_awready_i_1_n_0                     |                2 |              8 |         4.00 |
|  design_1_i/processing_system7_0/inst/FCLK_CLK0 | design_1_i/delay_axi_wrapper_0/inst/delay_axi_wrapper_slave_lite_v1_0_S00_AXI_inst/p_1_in[15]                                | design_1_i/delay_axi_wrapper_0/inst/delay_axi_wrapper_slave_lite_v1_0_S00_AXI_inst/axi_awready_i_1_n_0                     |                3 |              8 |         2.67 |
|  design_1_i/processing_system7_0/inst/FCLK_CLK0 | design_1_i/delay_axi_wrapper_0/inst/delay_axi_wrapper_slave_lite_v1_0_S00_AXI_inst/p_1_in[31]                                | design_1_i/delay_axi_wrapper_0/inst/delay_axi_wrapper_slave_lite_v1_0_S00_AXI_inst/axi_awready_i_1_n_0                     |                2 |              8 |         4.00 |
|  design_1_i/processing_system7_0/inst/FCLK_CLK0 | design_1_i/chorus_axi_wrapper_0/inst/chorus_axi_wrapper_slave_lite_v1_0_S00_AXI_inst/slv_reg3[15]_i_1_n_0                    | design_1_i/chorus_axi_wrapper_0/inst/chorus_axi_wrapper_slave_lite_v1_0_S00_AXI_inst/axi_awready_i_1_n_0                   |                3 |              8 |         2.67 |
|  design_1_i/processing_system7_0/inst/FCLK_CLK0 | design_1_i/chorus_axi_wrapper_0/inst/chorus_axi_wrapper_slave_lite_v1_0_S00_AXI_inst/slv_reg3[23]_i_1_n_0                    | design_1_i/chorus_axi_wrapper_0/inst/chorus_axi_wrapper_slave_lite_v1_0_S00_AXI_inst/axi_awready_i_1_n_0                   |                2 |              8 |         4.00 |
|  design_1_i/processing_system7_0/inst/FCLK_CLK0 | design_1_i/chorus_axi_wrapper_0/inst/chorus_axi_wrapper_slave_lite_v1_0_S00_AXI_inst/slv_reg3[31]_i_1_n_0                    | design_1_i/chorus_axi_wrapper_0/inst/chorus_axi_wrapper_slave_lite_v1_0_S00_AXI_inst/axi_awready_i_1_n_0                   |                2 |              8 |         4.00 |
|  design_1_i/processing_system7_0/inst/FCLK_CLK0 | design_1_i/chorus_axi_wrapper_0/inst/chorus_axi_wrapper_slave_lite_v1_0_S00_AXI_inst/slv_reg3[7]_i_1_n_0                     | design_1_i/chorus_axi_wrapper_0/inst/chorus_axi_wrapper_slave_lite_v1_0_S00_AXI_inst/axi_awready_i_1_n_0                   |                2 |              8 |         4.00 |
|  design_1_i/processing_system7_0/inst/FCLK_CLK0 | design_1_i/chorus_axi_wrapper_0/inst/chorus_axi_wrapper_slave_lite_v1_0_S00_AXI_inst/slv_reg2[15]_i_1_n_0                    | design_1_i/chorus_axi_wrapper_0/inst/chorus_axi_wrapper_slave_lite_v1_0_S00_AXI_inst/axi_awready_i_1_n_0                   |                2 |              8 |         4.00 |
|  design_1_i/processing_system7_0/inst/FCLK_CLK0 | design_1_i/chorus_axi_wrapper_0/inst/chorus_axi_wrapper_slave_lite_v1_0_S00_AXI_inst/slv_reg0[31]_i_1_n_0                    | design_1_i/chorus_axi_wrapper_0/inst/chorus_axi_wrapper_slave_lite_v1_0_S00_AXI_inst/axi_awready_i_1_n_0                   |                1 |              8 |         8.00 |
|  design_1_i/processing_system7_0/inst/FCLK_CLK0 | design_1_i/chorus_axi_wrapper_0/inst/chorus_axi_wrapper_slave_lite_v1_0_S00_AXI_inst/slv_reg0[7]_i_1_n_0                     | design_1_i/chorus_axi_wrapper_0/inst/chorus_axi_wrapper_slave_lite_v1_0_S00_AXI_inst/axi_awready_i_1_n_0                   |                2 |              8 |         4.00 |
|  design_1_i/processing_system7_0/inst/FCLK_CLK0 | design_1_i/delay_axi_wrapper_0/inst/delay_axi_wrapper_slave_lite_v1_0_S00_AXI_inst/slv_reg2[7]_i_1_n_0                       | design_1_i/delay_axi_wrapper_0/inst/delay_axi_wrapper_slave_lite_v1_0_S00_AXI_inst/axi_awready_i_1_n_0                     |                3 |              8 |         2.67 |
|  design_1_i/processing_system7_0/inst/FCLK_CLK0 | design_1_i/chorus_axi_wrapper_0/inst/chorus_axi_wrapper_slave_lite_v1_0_S00_AXI_inst/slv_reg2[31]_i_1_n_0                    | design_1_i/chorus_axi_wrapper_0/inst/chorus_axi_wrapper_slave_lite_v1_0_S00_AXI_inst/axi_awready_i_1_n_0                   |                4 |              8 |         2.00 |
|  design_1_i/processing_system7_0/inst/FCLK_CLK0 | design_1_i/chorus_axi_wrapper_0/inst/chorus_axi_wrapper_slave_lite_v1_0_S00_AXI_inst/slv_reg0[15]_i_1_n_0                    | design_1_i/chorus_axi_wrapper_0/inst/chorus_axi_wrapper_slave_lite_v1_0_S00_AXI_inst/axi_awready_i_1_n_0                   |                3 |              8 |         2.67 |
|  design_1_i/processing_system7_0/inst/FCLK_CLK0 | design_1_i/chorus_axi_wrapper_0/inst/chorus_axi_wrapper_slave_lite_v1_0_S00_AXI_inst/slv_reg1[23]_i_1_n_0                    | design_1_i/chorus_axi_wrapper_0/inst/chorus_axi_wrapper_slave_lite_v1_0_S00_AXI_inst/axi_awready_i_1_n_0                   |                2 |              8 |         4.00 |
|  design_1_i/processing_system7_0/inst/FCLK_CLK0 | design_1_i/chorus_axi_wrapper_0/inst/chorus_axi_wrapper_slave_lite_v1_0_S00_AXI_inst/slv_reg1[7]_i_1_n_0                     | design_1_i/chorus_axi_wrapper_0/inst/chorus_axi_wrapper_slave_lite_v1_0_S00_AXI_inst/axi_awready_i_1_n_0                   |                3 |              8 |         2.67 |
|  design_1_i/processing_system7_0/inst/FCLK_CLK0 | design_1_i/chorus_axi_wrapper_0/inst/chorus_axi_wrapper_slave_lite_v1_0_S00_AXI_inst/slv_reg2[7]_i_1_n_0                     | design_1_i/chorus_axi_wrapper_0/inst/chorus_axi_wrapper_slave_lite_v1_0_S00_AXI_inst/axi_awready_i_1_n_0                   |                4 |              8 |         2.00 |
|  design_1_i/processing_system7_0/inst/FCLK_CLK0 | design_1_i/chorus_axi_wrapper_0/inst/chorus_axi_wrapper_slave_lite_v1_0_S00_AXI_inst/slv_reg1[15]_i_1_n_0                    | design_1_i/chorus_axi_wrapper_0/inst/chorus_axi_wrapper_slave_lite_v1_0_S00_AXI_inst/axi_awready_i_1_n_0                   |                3 |              8 |         2.67 |
|  design_1_i/processing_system7_0/inst/FCLK_CLK0 | design_1_i/delay_axi_wrapper_0/inst/delay_axi_wrapper_slave_lite_v1_0_S00_AXI_inst/slv_reg1[7]_i_1_n_0                       | design_1_i/delay_axi_wrapper_0/inst/delay_axi_wrapper_slave_lite_v1_0_S00_AXI_inst/axi_awready_i_1_n_0                     |                1 |              8 |         8.00 |
|  design_1_i/processing_system7_0/inst/FCLK_CLK0 | design_1_i/delay_axi_wrapper_0/inst/delay_axi_wrapper_slave_lite_v1_0_S00_AXI_inst/slv_reg2[31]_i_1_n_0                      | design_1_i/delay_axi_wrapper_0/inst/delay_axi_wrapper_slave_lite_v1_0_S00_AXI_inst/axi_awready_i_1_n_0                     |                1 |              8 |         8.00 |
|  design_1_i/processing_system7_0/inst/FCLK_CLK0 | design_1_i/delay_axi_wrapper_0/inst/delay_axi_wrapper_slave_lite_v1_0_S00_AXI_inst/slv_reg1[15]_i_1_n_0                      | design_1_i/delay_axi_wrapper_0/inst/delay_axi_wrapper_slave_lite_v1_0_S00_AXI_inst/axi_awready_i_1_n_0                     |                1 |              8 |         8.00 |
|  design_1_i/processing_system7_0/inst/FCLK_CLK0 | design_1_i/delay_axi_wrapper_0/inst/delay_axi_wrapper_slave_lite_v1_0_S00_AXI_inst/slv_reg3[15]_i_1_n_0                      | design_1_i/delay_axi_wrapper_0/inst/delay_axi_wrapper_slave_lite_v1_0_S00_AXI_inst/axi_awready_i_1_n_0                     |                2 |              8 |         4.00 |
|  design_1_i/processing_system7_0/inst/FCLK_CLK0 | design_1_i/delay_axi_wrapper_0/inst/delay_axi_wrapper_slave_lite_v1_0_S00_AXI_inst/slv_reg3[31]_i_1_n_0                      | design_1_i/delay_axi_wrapper_0/inst/delay_axi_wrapper_slave_lite_v1_0_S00_AXI_inst/axi_awready_i_1_n_0                     |                2 |              8 |         4.00 |
|  design_1_i/processing_system7_0/inst/FCLK_CLK0 | design_1_i/axi_smc/inst/sc_ul/inst/gen_axi_full_nxm.sasd_inst/r_beats[0]                                                     | design_1_i/axi_smc/inst/sc_ul/inst/gen_axi_full_nxm.sasd_inst/gen_read.s_axi_arready_vec_i[0]_i_1_n_0                      |                5 |              9 |         1.80 |
|  design_1_i/clk_wiz_0/inst/clk_out1             | design_1_i/chorus_axi_wrapper_0/inst/chorus_internals/sine_addr[0]                                                           |                                                                                                                            |                3 |             10 |         3.33 |
|  design_1_i/clk_wiz_0/inst/clk_out1             | design_1_i/chorus_axi_wrapper_0/inst/chorus_internals/mixed_i_2_n_0                                                          |                                                                                                                            |                3 |             11 |         3.67 |
|  design_1_i/clk_wiz_0/inst/clk_out1             | design_1_i/chorus_axi_wrapper_0/inst/chorus_internals/rd_addr[10]_i_1_n_0                                                    |                                                                                                                            |                3 |             11 |         3.67 |
|  design_1_i/processing_system7_0/inst/FCLK_CLK0 | design_1_i/axi_smc/inst/sc_ul/inst/gen_axi_full_nxm.sasd_inst/r_cnt[0]                                                       | design_1_i/axi_smc/inst/sc_ul/inst/gen_axi_full_nxm.sasd_inst/gen_read.s_axi_arready_vec_i[0]_i_1_n_0                      |                7 |             11 |         1.57 |
|  design_1_i/processing_system7_0/inst/FCLK_CLK0 |                                                                                                                              | design_1_i/delay_axi_wrapper_0/inst/delay_axi_wrapper_slave_lite_v1_0_S00_AXI_inst/axi_awready_i_1_n_0                     |                5 |             11 |         2.20 |
|  design_1_i/processing_system7_0/inst/FCLK_CLK0 |                                                                                                                              | design_1_i/chorus_axi_wrapper_0/inst/chorus_axi_wrapper_slave_lite_v1_0_S00_AXI_inst/axi_awready_i_1_n_0                   |                3 |             11 |         3.67 |
|  design_1_i/processing_system7_0/inst/FCLK_CLK0 | design_1_i/axi_smc/inst/sc_ul/inst/gen_axi_full_nxm.sasd_inst/gen_write.b_cnt[10]_i_2_n_0                                    | design_1_i/axi_smc/inst/sc_ul/inst/gen_axi_full_nxm.sasd_inst/gen_write.b_cnt[10]_i_1_n_0                                  |                3 |             11 |         3.67 |
|  design_1_i/processing_system7_0/inst/FCLK_CLK0 | design_1_i/axi_smc/inst/sc_ul/inst/gen_axi_full_nxm.sasd_inst/gen_write.wstrb_mux/E[0]                                       | design_1_i/axi_smc/inst/sc_ul/inst/gen_axi_full_nxm.sasd_inst/gen_read.s_axi_arready_vec_i[0]_i_1_n_0                      |                3 |             11 |         3.67 |
|  design_1_i/processing_system7_0/inst/FCLK_CLK0 | design_1_i/axi_smc/inst/sc_ul/inst/gen_axi_full_nxm.sasd_inst/s_rid[0]                                                       |                                                                                                                            |                3 |             12 |         4.00 |
|  design_1_i/processing_system7_0/inst/FCLK_CLK0 | design_1_i/axi_smc/inst/sc_ul/inst/gen_axi_full_nxm.sasd_inst/s_bid[0]                                                       | design_1_i/axi_smc/inst/sc_ul/inst/gen_axi_full_nxm.sasd_inst/gen_read.s_axi_arready_vec_i[0]_i_1_n_0                      |                3 |             12 |         4.00 |
|  design_1_i/processing_system7_0/inst/FCLK_CLK0 | design_1_i/axi_smc/inst/sc_ul/inst/gen_axi_full_nxm.sasd_inst/ar_addr[0]                                                     | design_1_i/axi_smc/inst/sc_ul/inst/gen_axi_full_nxm.sasd_inst/gen_read.s_axi_arready_vec_i[0]_i_1_n_0                      |                8 |             12 |         1.50 |
|  design_1_i/processing_system7_0/inst/FCLK_CLK0 | design_1_i/axi_smc/inst/sc_ul/inst/gen_axi_full_nxm.sasd_inst/gen_write.aw_addr[3]_i_1_n_0                                   | design_1_i/axi_smc/inst/sc_ul/inst/gen_axi_full_nxm.sasd_inst/gen_read.s_axi_arready_vec_i[0]_i_1_n_0                      |                5 |             12 |         2.40 |
|  design_1_i/clk_wiz_0/inst/clk_out1             | design_1_i/bclk_div_0/inst/bclk_fall_en                                                                                      |                                                                                                                            |                4 |             13 |         3.25 |
|  design_1_i/clk_wiz_0/inst/clk_out1             |                                                                                                                              |                                                                                                                            |                8 |             13 |         1.62 |
|  design_1_i/clk_wiz_0/inst/clk_out1             | design_1_i/chorus_axi_wrapper_0/inst/chorus_internals/delay_q[0]                                                             | design_1_i/chorus_axi_wrapper_0/inst/chorus_internals/delay_q[30]_i_1_n_0                                                  |                5 |             22 |         4.40 |
|  design_1_i/clk_wiz_0/inst/clk_out1             | design_1_i/chorus_axi_wrapper_0/inst/chorus_internals/delay_int_0[0]                                                         |                                                                                                                            |                7 |             23 |         3.29 |
|  design_1_i/clk_wiz_0/inst/clk_out1             | design_1_i/i2s_tx_0/inst/tx_buf_l[23]_i_1_n_0                                                                                |                                                                                                                            |                7 |             23 |         3.29 |
|  design_1_i/clk_wiz_0/inst/clk_out1             | design_1_i/chorus_axi_wrapper_0/inst/chorus_internals/sample_out_valid                                                       |                                                                                                                            |                6 |             24 |         4.00 |
|  design_1_i/clk_wiz_0/inst/clk_out1             | design_1_i/i2s_tx_0/inst/tx_buf_r[23]_i_1_n_0                                                                                |                                                                                                                            |                8 |             24 |         3.00 |
|  design_1_i/clk_wiz_0/inst/clk_out1             | design_1_i/i2s_rx_0/inst/sample_out[23]_i_1_n_0                                                                              |                                                                                                                            |                5 |             24 |         4.80 |
|  design_1_i/clk_wiz_0/inst/clk_out1             | design_1_i/chorus_axi_wrapper_0/inst/chorus_internals/sample_x__0[0]                                                         |                                                                                                                            |               10 |             24 |         2.40 |
|  design_1_i/processing_system7_0/inst/FCLK_CLK0 | design_1_i/axi_smc/inst/sc_ul/inst/gen_axi_full_nxm.sasd_inst/gen_read.m_r_en_reg_n_0                                        |                                                                                                                            |               12 |             32 |         2.67 |
|  design_1_i/processing_system7_0/inst/FCLK_CLK0 | design_1_i/axi_smc/inst/sc_ul/inst/gen_axi_full_nxm.sasd_inst/gen_read.r_m_dwsize_mux/E[0]                                   | design_1_i/axi_smc/inst/sc_ul/inst/gen_axi_full_nxm.sasd_inst/gen_read.s_axi_arready_vec_i[0]_i_1_n_0                      |                5 |             32 |         6.40 |
|  design_1_i/processing_system7_0/inst/FCLK_CLK0 |                                                                                                                              | design_1_i/axi_smc/inst/sc_ul/inst/gen_axi_full_nxm.sasd_inst/gen_read.s_axi_arready_vec_i[0]_i_1_n_0                      |               18 |             34 |         1.89 |
|  design_1_i/processing_system7_0/inst/FCLK_CLK0 |                                                                                                                              | design_1_i/axi_smc/inst/sc_ul/inst/gen_axi_full_nxm.sasd_inst/gen_write.m_wdata[31]_i_1_n_0                                |                8 |             36 |         4.50 |
|  design_1_i/processing_system7_0/inst/FCLK_CLK0 |                                                                                                                              | design_1_i/axi_smc/inst/sc_ul/inst/gen_axi_full_nxm.sasd_inst/gen_write.wdata_mux/gen_write.w_grant_i_reg                  |                7 |             37 |         5.29 |
|  design_1_i/processing_system7_0/inst/FCLK_CLK0 | design_1_i/axi_smc/inst/sc_ul/inst/gen_axi_full_nxm.sasd_inst/gen_read.araddr_mux/s_r_en                                     | design_1_i/axi_smc/inst/sc_ul/inst/gen_axi_full_nxm.sasd_inst/gen_read.araddr_mux/FSM_sequential_gen_read.r_state_reg[1]   |               10 |             48 |         4.80 |
|  design_1_i/processing_system7_0/inst/FCLK_CLK0 | design_1_i/axi_smc/inst/sc_ul/inst/gen_axi_full_nxm.sasd_inst/gen_write.awaddr_mux/FSM_sequential_gen_write.w_state_reg[2]_0 | design_1_i/axi_smc/inst/sc_ul/inst/gen_axi_full_nxm.sasd_inst/gen_write.awaddr_mux/FSM_sequential_gen_write.w_state_reg[0] |                8 |             48 |         6.00 |
|  design_1_i/clk_wiz_0/inst/clk_out1             | design_1_i/chorus_axi_wrapper_0/inst/chorus_internals/sine_step__0_i_1_n_0                                                   |                                                                                                                            |               16 |             60 |         3.75 |
|  design_1_i/processing_system7_0/inst/FCLK_CLK0 |                                                                                                                              |                                                                                                                            |               33 |             90 |         2.73 |
+-------------------------------------------------+------------------------------------------------------------------------------------------------------------------------------+----------------------------------------------------------------------------------------------------------------------------+------------------+----------------+--------------+


