
*** Running vivado
    with args -log design_1_chorus_axi_wrapper_0_0.vds -m64 -product Vivado -mode batch -messageDb vivado.pb -notrace -source design_1_chorus_axi_wrapper_0_0.tcl


INFO: [Common 17-3922] A valid Vivado Design Suite BASIC license has been detected. Your current license is active and will expire on 20-aug-2027.
#-----------------------------------------------------------
# Vivado v2026.1 (64-bit)
# SW Build 6511674 on Tue Jun 16 11:02:23 MDT 2026
# IP Build 6504888 on Tue Jun 09 09:05:25 MDT 2026
# SharedData Build 6501428 on Mon Jun 08 17:34:18 MDT 2026
# Start of session at: Fri Oct  9 08:23:41 2026
# Process ID         : 27632
# Current directory  : C:/Users/cargi/Documents/1Fa26/SD/digital_effects_2026-1/digital_effects_2026-1.runs/design_1_chorus_axi_wrapper_0_0_synth_1
# Command line       : vivado.exe -log design_1_chorus_axi_wrapper_0_0.vds -product Vivado -mode batch -messageDb vivado.pb -notrace -source design_1_chorus_axi_wrapper_0_0.tcl
# Log file           : C:/Users/cargi/Documents/1Fa26/SD/digital_effects_2026-1/digital_effects_2026-1.runs/design_1_chorus_axi_wrapper_0_0_synth_1/design_1_chorus_axi_wrapper_0_0.vds
# Journal file       : C:/Users/cargi/Documents/1Fa26/SD/digital_effects_2026-1/digital_effects_2026-1.runs/design_1_chorus_axi_wrapper_0_0_synth_1\vivado.jou
# Running On         : MostlyEtc
# Platform           : Windows 11
# Operating System   : 26200
# Processor Detail   : 12th Gen Intel(R) Core(TM) i7-12700H
# CPU Frequency      : 2688 MHz
# CPU Physical cores : 14
# CPU Logical cores  : 20
# Host memory        : 16834 MB
# Swap memory        : 15032 MB
# Total Virtual      : 31867 MB
# Available Virtual  : 10663 MB
#-----------------------------------------------------------

****** Vivado v2026.1 (64-bit)
  **** SW Build 6511674 on Tue Jun 16 11:02:23 MDT 2026
  **** IP Build 6504888 on Tue Jun 09 09:05:25 MDT 2026
  **** SharedData Build 6501428 on Mon Jun 08 17:34:18 MDT 2026
  **** Start of session at: Fri Oct  9 08:23:41 2026
    ** Copyright 1986-2022 Xilinx, Inc. All Rights Reserved.
    ** Copyright 2022-2026 Advanced Micro Devices, Inc. All Rights Reserved.

source design_1_chorus_axi_wrapper_0_0.tcl -notrace
create_project: Time (s): cpu = 00:00:14 ; elapsed = 00:00:09 . Memory (MB): peak = 581.586 ; gain = 265.512
INFO: [IP_Flow 19-234] Refreshing IP repositories
INFO: [IP_Flow 19-1700] Loaded user IP repository 'c:/Users/cargi/Documents/1Fa26/SD/digital_effects_2026-1/ip_repo'.
INFO: [IP_Flow 19-2313] Loaded Vivado IP repository 'C:/AMDDesignTools/2026.1/Vivado/data/ip'.
WARNING: [IP_Flow 19-4995] The host OS only allows 260 characters in a normal path. The IP cache path is more than 80 characters. If you experience issues with IP caching, please consider changing the IP cache to a location with a shorter path. Alternately consider using the OS subst command to map part of the path to a drive letter. 
Current IP cache path is c:/Users/cargi/Documents/1Fa26/SD/digital_effects_2026-1/digital_effects_2026-1.cache/ip 
Command: synth_design -top design_1_chorus_axi_wrapper_0_0 -part xc7z010clg400-1 -incremental_mode off -mode out_of_context
Starting synth_design
Attempting to get a license for feature 'Vivado_Synthesis' and/or device 'xc7z010'
INFO: [Common 17-349] Got license for feature 'Vivado_Synthesis' and/or device 'xc7z010'
INFO: [Device 21-403] Loading part xc7z010clg400-1
INFO: [Designutils 20-5008] Incremental synthesis strategy off
INFO: [Synth 8-7079] Multithreading enabled for synth_design using a maximum of 2 processes.
INFO: [Synth 8-7078] Launching helper process for spawning children vivado processes
INFO: [Synth 8-7075] Helper process launched with PID 21276

*** Running vivado
    with args -log design_1_chorus_axi_wrapper_0_0.vds -m64 -product Vivado -mode batch -messageDb vivado.pb -notrace -source design_1_chorus_axi_wrapper_0_0.tcl


INFO: [Common 17-3922] A valid Vivado Design Suite BASIC license has been detected. Your current license is active and will expire on 20-aug-2027.
#-----------------------------------------------------------
# Vivado v2026.1 (64-bit)
# SW Build 6511674 on Tue Jun 16 11:02:23 MDT 2026
# IP Build 6504888 on Tue Jun 09 09:05:25 MDT 2026
# SharedData Build 6501428 on Mon Jun 08 17:34:18 MDT 2026
# Start of session at: Fri Oct  9 08:24:33 2026
# Process ID         : 43492
# Current directory  : C:/Users/cargi/Documents/1Fa26/SD/digital_effects_2026-1/digital_effects_2026-1.runs/design_1_chorus_axi_wrapper_0_0_synth_1
# Command line       : vivado.exe -log design_1_chorus_axi_wrapper_0_0.vds -product Vivado -mode batch -messageDb vivado.pb -notrace -source design_1_chorus_axi_wrapper_0_0.tcl
# Log file           : C:/Users/cargi/Documents/1Fa26/SD/digital_effects_2026-1/digital_effects_2026-1.runs/design_1_chorus_axi_wrapper_0_0_synth_1/design_1_chorus_axi_wrapper_0_0.vds
# Journal file       : C:/Users/cargi/Documents/1Fa26/SD/digital_effects_2026-1/digital_effects_2026-1.runs/design_1_chorus_axi_wrapper_0_0_synth_1\vivado.jou
# Running On         : MostlyEtc
# Platform           : Windows 11
# Operating System   : 26200
# Processor Detail   : 12th Gen Intel(R) Core(TM) i7-12700H
# CPU Frequency      : 2688 MHz
# CPU Physical cores : 14
# CPU Logical cores  : 20
# Host memory        : 16834 MB
# Swap memory        : 15032 MB
# Total Virtual      : 31867 MB
# Available Virtual  : 10187 MB
#-----------------------------------------------------------

****** Vivado v2026.1 (64-bit)
  **** SW Build 6511674 on Tue Jun 16 11:02:23 MDT 2026
  **** IP Build 6504888 on Tue Jun 09 09:05:25 MDT 2026
  **** SharedData Build 6501428 on Mon Jun 08 17:34:18 MDT 2026
  **** Start of session at: Fri Oct  9 08:24:33 2026
    ** Copyright 1986-2022 Xilinx, Inc. All Rights Reserved.
    ** Copyright 2022-2026 Advanced Micro Devices, Inc. All Rights Reserved.

source design_1_chorus_axi_wrapper_0_0.tcl -notrace
create_project: Time (s): cpu = 00:00:13 ; elapsed = 00:00:08 . Memory (MB): peak = 583.863 ; gain = 269.301
INFO: [IP_Flow 19-234] Refreshing IP repositories
INFO: [IP_Flow 19-1700] Loaded user IP repository 'c:/Users/cargi/Documents/1Fa26/SD/digital_effects_2026-1/ip_repo'.
INFO: [IP_Flow 19-2313] Loaded Vivado IP repository 'C:/AMDDesignTools/2026.1/Vivado/data/ip'.
WARNING: [IP_Flow 19-4995] The host OS only allows 260 characters in a normal path. The IP cache path is more than 80 characters. If you experience issues with IP caching, please consider changing the IP cache to a location with a shorter path. Alternately consider using the OS subst command to map part of the path to a drive letter. 
Current IP cache path is c:/Users/cargi/Documents/1Fa26/SD/digital_effects_2026-1/digital_effects_2026-1.cache/ip 
Command: synth_design -top design_1_chorus_axi_wrapper_0_0 -part xc7z010clg400-1 -incremental_mode off -mode out_of_context
Starting synth_design
Attempting to get a license for feature 'Vivado_Synthesis' and/or device 'xc7z010'
INFO: [Common 17-349] Got license for feature 'Vivado_Synthesis' and/or device 'xc7z010'
INFO: [Device 21-403] Loading part xc7z010clg400-1
INFO: [Designutils 20-5008] Incremental synthesis strategy off
INFO: [Synth 8-7079] Multithreading enabled for synth_design using a maximum of 2 processes.
INFO: [Synth 8-7078] Launching helper process for spawning children vivado processes
INFO: [Synth 8-7075] Helper process launched with PID 38660
---------------------------------------------------------------------------------
Starting RTL Elaboration : Time (s): cpu = 00:00:07 ; elapsed = 00:00:07 . Memory (MB): peak = 1380.691 ; gain = 577.664
---------------------------------------------------------------------------------
INFO: [Synth 8-6157] synthesizing module 'design_1_chorus_axi_wrapper_0_0' [c:/Users/cargi/Documents/1Fa26/SD/digital_effects_2026-1/digital_effects_2026-1.gen/sources_1/bd/design_1/ip/design_1_chorus_axi_wrapper_0_0/synth/design_1_chorus_axi_wrapper_0_0.v:53]
INFO: [Synth 8-6157] synthesizing module 'chorus_axi_wrapper' [c:/Users/cargi/Documents/1Fa26/SD/digital_effects_2026-1/digital_effects_2026-1.gen/sources_1/bd/design_1/ipshared/0bc4/hdl/chorus_axi_wrapper.v:4]
INFO: [Synth 8-6157] synthesizing module 'chorus_axi_wrapper_slave_lite_v1_0_S00_AXI' [c:/Users/cargi/Documents/1Fa26/SD/digital_effects_2026-1/digital_effects_2026-1.gen/sources_1/bd/design_1/ipshared/0bc4/hdl/chorus_axi_wrapper_slave_lite_v1_0_S00_AXI.v:4]
INFO: [Synth 8-155] case statement is not full and has no default [c:/Users/cargi/Documents/1Fa26/SD/digital_effects_2026-1/digital_effects_2026-1.gen/sources_1/bd/design_1/ipshared/0bc4/hdl/chorus_axi_wrapper_slave_lite_v1_0_S00_AXI.v:144]
INFO: [Synth 8-226] default block is never used [c:/Users/cargi/Documents/1Fa26/SD/digital_effects_2026-1/digital_effects_2026-1.gen/sources_1/bd/design_1/ipshared/0bc4/hdl/chorus_axi_wrapper_slave_lite_v1_0_S00_AXI.v:218]
INFO: [Synth 8-155] case statement is not full and has no default [c:/Users/cargi/Documents/1Fa26/SD/digital_effects_2026-1/digital_effects_2026-1.gen/sources_1/bd/design_1/ipshared/0bc4/hdl/chorus_axi_wrapper_slave_lite_v1_0_S00_AXI.v:271]
INFO: [Synth 8-6155] done synthesizing module 'chorus_axi_wrapper_slave_lite_v1_0_S00_AXI' (0#1) [c:/Users/cargi/Documents/1Fa26/SD/digital_effects_2026-1/digital_effects_2026-1.gen/sources_1/bd/design_1/ipshared/0bc4/hdl/chorus_axi_wrapper_slave_lite_v1_0_S00_AXI.v:4]
WARNING: [Synth 8-689] width (16) of port connection 'rate' does not match port width (32) of module 'chorus_axi_wrapper_slave_lite_v1_0_S00_AXI' [c:/Users/cargi/Documents/1Fa26/SD/digital_effects_2026-1/digital_effects_2026-1.gen/sources_1/bd/design_1/ipshared/0bc4/hdl/chorus_axi_wrapper.v:82]
WARNING: [Synth 8-689] width (16) of port connection 'depth' does not match port width (32) of module 'chorus_axi_wrapper_slave_lite_v1_0_S00_AXI' [c:/Users/cargi/Documents/1Fa26/SD/digital_effects_2026-1/digital_effects_2026-1.gen/sources_1/bd/design_1/ipshared/0bc4/hdl/chorus_axi_wrapper.v:83]
WARNING: [Synth 8-689] width (16) of port connection 'mix' does not match port width (32) of module 'chorus_axi_wrapper_slave_lite_v1_0_S00_AXI' [c:/Users/cargi/Documents/1Fa26/SD/digital_effects_2026-1/digital_effects_2026-1.gen/sources_1/bd/design_1/ipshared/0bc4/hdl/chorus_axi_wrapper.v:84]
WARNING: [Synth 8-689] width (16) of port connection 'base_ms' does not match port width (32) of module 'chorus_axi_wrapper_slave_lite_v1_0_S00_AXI' [c:/Users/cargi/Documents/1Fa26/SD/digital_effects_2026-1/digital_effects_2026-1.gen/sources_1/bd/design_1/ipshared/0bc4/hdl/chorus_axi_wrapper.v:85]
INFO: [Synth 8-6157] synthesizing module 'chorus' [c:/Users/cargi/Documents/1Fa26/SD/digital_effects_2026-1/digital_effects_2026-1.gen/sources_1/bd/design_1/ipshared/0bc4/src/chorus.sv:50]
INFO: [Synth 8-6155] done synthesizing module 'chorus' (0#1) [c:/Users/cargi/Documents/1Fa26/SD/digital_effects_2026-1/digital_effects_2026-1.gen/sources_1/bd/design_1/ipshared/0bc4/src/chorus.sv:50]
INFO: [Synth 8-6155] done synthesizing module 'chorus_axi_wrapper' (0#1) [c:/Users/cargi/Documents/1Fa26/SD/digital_effects_2026-1/digital_effects_2026-1.gen/sources_1/bd/design_1/ipshared/0bc4/hdl/chorus_axi_wrapper.v:4]
INFO: [Synth 8-6155] done synthesizing module 'design_1_chorus_axi_wrapper_0_0' (0#1) [c:/Users/cargi/Documents/1Fa26/SD/digital_effects_2026-1/digital_effects_2026-1.gen/sources_1/bd/design_1/ip/design_1_chorus_axi_wrapper_0_0/synth/design_1_chorus_axi_wrapper_0_0.v:53]
INFO: [Synth 8-7129] Port S_AXI_AWPROT[2] in module chorus_axi_wrapper_slave_lite_v1_0_S00_AXI is either unconnected or has no load
INFO: [Synth 8-7129] Port S_AXI_AWPROT[1] in module chorus_axi_wrapper_slave_lite_v1_0_S00_AXI is either unconnected or has no load
INFO: [Synth 8-7129] Port S_AXI_AWPROT[0] in module chorus_axi_wrapper_slave_lite_v1_0_S00_AXI is either unconnected or has no load
INFO: [Synth 8-7129] Port S_AXI_ARPROT[2] in module chorus_axi_wrapper_slave_lite_v1_0_S00_AXI is either unconnected or has no load
INFO: [Synth 8-7129] Port S_AXI_ARPROT[1] in module chorus_axi_wrapper_slave_lite_v1_0_S00_AXI is either unconnected or has no load
INFO: [Synth 8-7129] Port S_AXI_ARPROT[0] in module chorus_axi_wrapper_slave_lite_v1_0_S00_AXI is either unconnected or has no load
---------------------------------------------------------------------------------
Finished RTL Elaboration : Time (s): cpu = 00:00:09 ; elapsed = 00:00:10 . Memory (MB): peak = 1513.523 ; gain = 710.496
---------------------------------------------------------------------------------
---------------------------------------------------------------------------------
Start Handling Custom Attributes
---------------------------------------------------------------------------------
---------------------------------------------------------------------------------
Finished Handling Custom Attributes : Time (s): cpu = 00:00:09 ; elapsed = 00:00:10 . Memory (MB): peak = 1513.523 ; gain = 710.496
---------------------------------------------------------------------------------
---------------------------------------------------------------------------------
Finished RTL Optimization Phase 1 : Time (s): cpu = 00:00:09 ; elapsed = 00:00:10 . Memory (MB): peak = 1513.523 ; gain = 710.496
---------------------------------------------------------------------------------
Netlist sorting complete. Time (s): cpu = 00:00:00 ; elapsed = 00:00:00.008 . Memory (MB): peak = 1513.523 ; gain = 0.000
INFO: [Project 1-570] Preparing netlist for logic optimization

Processing XDC Constraints
Initializing timing engine
Completed Processing XDC Constraints

Netlist sorting complete. Time (s): cpu = 00:00:00 ; elapsed = 00:00:00 . Memory (MB): peak = 1547.277 ; gain = 0.000
INFO: [Project 1-111] Unisim Transformation Summary:
No Unisim elements were transformed.

Constraint Validation Runtime : Time (s): cpu = 00:00:00 ; elapsed = 00:00:00.044 . Memory (MB): peak = 1547.551 ; gain = 0.000
INFO: [Designutils 20-5008] Incremental synthesis strategy off
---------------------------------------------------------------------------------
Finished Constraint Validation : Time (s): cpu = 00:00:19 ; elapsed = 00:00:20 . Memory (MB): peak = 1547.551 ; gain = 744.523
---------------------------------------------------------------------------------
---------------------------------------------------------------------------------
Start Loading Part and Timing Information
---------------------------------------------------------------------------------
Loading part: xc7z010clg400-1
---------------------------------------------------------------------------------
Finished Loading Part and Timing Information : Time (s): cpu = 00:00:19 ; elapsed = 00:00:20 . Memory (MB): peak = 1547.551 ; gain = 744.523
---------------------------------------------------------------------------------
---------------------------------------------------------------------------------
Start Applying 'set_property' XDC Constraints
---------------------------------------------------------------------------------
---------------------------------------------------------------------------------
Finished applying 'set_property' XDC Constraints : Time (s): cpu = 00:00:19 ; elapsed = 00:00:20 . Memory (MB): peak = 1547.551 ; gain = 744.523
---------------------------------------------------------------------------------
INFO: [Synth 8-802] inferred FSM for state register 'state_write_reg' in module 'chorus_axi_wrapper_slave_lite_v1_0_S00_AXI'
INFO: [Synth 8-802] inferred FSM for state register 'state_read_reg' in module 'chorus_axi_wrapper_slave_lite_v1_0_S00_AXI'
WARNING: [Synth 8-6040] Register sine_addr_reg_rep driving address of a ROM cannot be packed in BRAM/URAM because of presence of initial value.
---------------------------------------------------------------------------------------------------
                   State |                     New Encoding |                Previous Encoding 
---------------------------------------------------------------------------------------------------
                    Idle |                               00 |                               00
                   Waddr |                               01 |                               10
                   Wdata |                               10 |                               11
---------------------------------------------------------------------------------------------------
INFO: [Synth 8-3354] encoded FSM with state register 'state_write_reg' using encoding 'sequential' in module 'chorus_axi_wrapper_slave_lite_v1_0_S00_AXI'
---------------------------------------------------------------------------------------------------
                   State |                     New Encoding |                Previous Encoding 
---------------------------------------------------------------------------------------------------
                    Idle |                               00 |                               00
                   Raddr |                               01 |                               10
                   Rdata |                               10 |                               11
---------------------------------------------------------------------------------------------------
INFO: [Synth 8-3354] encoded FSM with state register 'state_read_reg' using encoding 'sequential' in module 'chorus_axi_wrapper_slave_lite_v1_0_S00_AXI'
---------------------------------------------------------------------------------
Finished RTL Optimization Phase 2 : Time (s): cpu = 00:00:20 ; elapsed = 00:00:21 . Memory (MB): peak = 1547.551 ; gain = 744.523
---------------------------------------------------------------------------------
No constraint files found.
---------------------------------------------------------------------------------
Start RTL Component Statistics 
---------------------------------------------------------------------------------
Detailed RTL Component Info : 
+---Adders : 
	   2 Input   48 Bit       Adders := 1     
	   2 Input   25 Bit       Adders := 1     
	   2 Input   16 Bit       Adders := 1     
	   2 Input   13 Bit       Adders := 1     
	   2 Input   11 Bit       Adders := 1     
	   3 Input   11 Bit       Adders := 1     
	   2 Input   10 Bit       Adders := 1     
+---Registers : 
	               40 Bit    Registers := 1     
	               32 Bit    Registers := 4     
	               25 Bit    Registers := 1     
	               24 Bit    Registers := 8     
	               13 Bit    Registers := 2     
	               12 Bit    Registers := 1     
	               11 Bit    Registers := 2     
	               10 Bit    Registers := 2     
	                4 Bit    Registers := 3     
	                2 Bit    Registers := 1     
	                1 Bit    Registers := 7     
+---Multipliers : 
	              25x38  Multipliers := 1     
+---RAMs : 
	              48K Bit	(2048 X 24 bit)          RAMs := 1     
+---ROMs : 
	                    ROMs := 1     
+---Muxes : 
	   2 Input   40 Bit        Muxes := 2     
	   2 Input   32 Bit        Muxes := 4     
	   4 Input   32 Bit        Muxes := 5     
	  14 Input   10 Bit        Muxes := 1     
	   3 Input    2 Bit        Muxes := 2     
	   2 Input    2 Bit        Muxes := 6     
	   2 Input    1 Bit        Muxes := 2     
	   3 Input    1 Bit        Muxes := 13    
	  14 Input    1 Bit        Muxes := 17    
---------------------------------------------------------------------------------
Finished RTL Component Statistics 
---------------------------------------------------------------------------------
---------------------------------------------------------------------------------
Start Part Resource Summary
---------------------------------------------------------------------------------
Part Resources:
DSPs: 80 (col length:40)
BRAMs: 120 (col length: RAMB18 40 RAMB36 20)
---------------------------------------------------------------------------------
Finished Part Resource Summary
---------------------------------------------------------------------------------
No constraint files found.
---------------------------------------------------------------------------------
Start Cross Boundary and Area Optimization
---------------------------------------------------------------------------------
DSP Report: Generating DSP inst/chorus_internals/phase_inc, operation Mode is: (A:0x7ec8ec)*B.
DSP Report: operator inst/chorus_internals/phase_inc is absorbed into DSP inst/chorus_internals/phase_inc.
DSP Report: operator inst/chorus_internals/phase_inc is absorbed into DSP inst/chorus_internals/phase_inc.
DSP Report: Generating DSP inst/chorus_internals/mixed0, operation Mode is: A2*B.
DSP Report: register inst/chorus_internals/sample_x_reg is absorbed into DSP inst/chorus_internals/mixed0.
DSP Report: operator inst/chorus_internals/mixed0 is absorbed into DSP inst/chorus_internals/mixed0.
DSP Report: Generating DSP inst/chorus_internals/depth_scaled, operation Mode is: (A:0x7ae14)*B.
DSP Report: operator inst/chorus_internals/depth_scaled is absorbed into DSP inst/chorus_internals/depth_scaled.
DSP Report: Generating DSP inst/chorus_internals/sine_step, operation Mode is: (D'-A2)*B2.
DSP Report: register inst/chorus_internals/sine_s1_reg is absorbed into DSP inst/chorus_internals/sine_step.
DSP Report: register inst/chorus_internals/sine_step is absorbed into DSP inst/chorus_internals/sine_step.
DSP Report: register inst/chorus_internals/sine_s0_reg is absorbed into DSP inst/chorus_internals/sine_step.
DSP Report: operator inst/chorus_internals/sine_step is absorbed into DSP inst/chorus_internals/sine_step.
DSP Report: operator inst/chorus_internals/sine_diff is absorbed into DSP inst/chorus_internals/sine_step.
DSP Report: Generating DSP inst/chorus_internals/depth_term, operation Mode is: (D'+A)*B.
DSP Report: register inst/chorus_internals/sine_s0_reg is absorbed into DSP inst/chorus_internals/depth_term.
DSP Report: register inst/chorus_internals/lfo_reg is absorbed into DSP inst/chorus_internals/depth_term.
DSP Report: operator inst/chorus_internals/lfo_next is absorbed into DSP inst/chorus_internals/depth_term.
DSP Report: operator inst/chorus_internals/depth_term is absorbed into DSP inst/chorus_internals/depth_term.
DSP Report: operator inst/chorus_internals/depth_term is absorbed into DSP inst/chorus_internals/depth_term.
DSP Report: Generating DSP inst/chorus_internals/depth_term, operation Mode is: (D'+A)*B.
DSP Report: register inst/chorus_internals/sine_s0_reg is absorbed into DSP inst/chorus_internals/depth_term.
DSP Report: register inst/chorus_internals/lfo_reg is absorbed into DSP inst/chorus_internals/depth_term.
DSP Report: operator inst/chorus_internals/lfo_next is absorbed into DSP inst/chorus_internals/depth_term.
DSP Report: operator inst/chorus_internals/depth_term is absorbed into DSP inst/chorus_internals/depth_term.
DSP Report: operator inst/chorus_internals/depth_term is absorbed into DSP inst/chorus_internals/depth_term.
DSP Report: Generating DSP inst/chorus_internals/depth_term, operation Mode is: (PCIN>>17)+(D'+A)*B.
DSP Report: register inst/chorus_internals/sine_s0_reg is absorbed into DSP inst/chorus_internals/depth_term.
DSP Report: register inst/chorus_internals/lfo_reg is absorbed into DSP inst/chorus_internals/depth_term.
DSP Report: operator inst/chorus_internals/lfo_next is absorbed into DSP inst/chorus_internals/depth_term.
DSP Report: operator inst/chorus_internals/depth_term is absorbed into DSP inst/chorus_internals/depth_term.
DSP Report: operator inst/chorus_internals/depth_term is absorbed into DSP inst/chorus_internals/depth_term.
DSP Report: Generating DSP inst/chorus_internals/delay_unclamped, operation Mode is: C+(A:0x4ccccd)*B.
DSP Report: operator inst/chorus_internals/delay_unclamped is absorbed into DSP inst/chorus_internals/delay_unclamped.
DSP Report: operator inst/chorus_internals/base_term is absorbed into DSP inst/chorus_internals/delay_unclamped.
DSP Report: Generating DSP inst/chorus_internals/interp0, operation Mode is: A2*B.
DSP Report: register inst/chorus_internals/s_near_reg is absorbed into DSP inst/chorus_internals/interp0.
DSP Report: operator inst/chorus_internals/interp0 is absorbed into DSP inst/chorus_internals/interp0.
DSP Report: Generating DSP inst/chorus_internals/interp, operation Mode is: C+A2*B''.
DSP Report: register inst/chorus_internals/interp is absorbed into DSP inst/chorus_internals/interp.
DSP Report: register inst/chorus_internals/interp is absorbed into DSP inst/chorus_internals/interp.
DSP Report: register inst/chorus_internals/s_far_reg is absorbed into DSP inst/chorus_internals/interp.
DSP Report: operator inst/chorus_internals/interp is absorbed into DSP inst/chorus_internals/interp.
DSP Report: operator inst/chorus_internals/interp0 is absorbed into DSP inst/chorus_internals/interp.
DSP Report: Generating DSP inst/chorus_internals/mixed, operation Mode is: C+A2*B.
DSP Report: register inst/chorus_internals/wet_reg is absorbed into DSP inst/chorus_internals/mixed.
DSP Report: operator inst/chorus_internals/mixed is absorbed into DSP inst/chorus_internals/mixed.
DSP Report: operator inst/chorus_internals/mixed0 is absorbed into DSP inst/chorus_internals/mixed.
INFO: [Synth 8-7129] Port s00_axi_awprot[2] in module design_1_chorus_axi_wrapper_0_0 is either unconnected or has no load
INFO: [Synth 8-7129] Port s00_axi_awprot[1] in module design_1_chorus_axi_wrapper_0_0 is either unconnected or has no load
INFO: [Synth 8-7129] Port s00_axi_awprot[0] in module design_1_chorus_axi_wrapper_0_0 is either unconnected or has no load
INFO: [Synth 8-7129] Port s00_axi_arprot[2] in module design_1_chorus_axi_wrapper_0_0 is either unconnected or has no load
INFO: [Synth 8-7129] Port s00_axi_arprot[1] in module design_1_chorus_axi_wrapper_0_0 is either unconnected or has no load
INFO: [Synth 8-7129] Port s00_axi_arprot[0] in module design_1_chorus_axi_wrapper_0_0 is either unconnected or has no load
INFO: [Synth 8-3332] Sequential element (inst/chorus_internals/sine_step) is unused and will be removed from module design_1_chorus_axi_wrapper_0_0.
---------------------------------------------------------------------------------
Finished Cross Boundary and Area Optimization : Time (s): cpu = 00:00:24 ; elapsed = 00:00:25 . Memory (MB): peak = 1586.980 ; gain = 783.953
---------------------------------------------------------------------------------
 Sort Area is  inst/chorus_internals/depth_term_6 : 0 0 : 3692 7403 : Used 1 time 0
 Sort Area is  inst/chorus_internals/depth_term_6 : 0 1 : 3711 7403 : Used 1 time 0
 Sort Area is  inst/chorus_internals/mixed_13 : 0 0 : 3110 3110 : Used 1 time 0
 Sort Area is  inst/chorus_internals/mixed0_11 : 0 0 : 2991 2991 : Used 1 time 0
 Sort Area is  inst/chorus_internals/phase_inc_0 : 0 0 : 2431 2431 : Used 1 time 0
 Sort Area is  inst/chorus_internals/sine_step_2 : 0 0 : 2407 2407 : Used 1 time 0
 Sort Area is  inst/chorus_internals/interp0_d : 0 0 : 2331 2331 : Used 1 time 0
 Sort Area is  inst/chorus_internals/delay_unclamped_b : 0 0 : 2315 2315 : Used 1 time 0
 Sort Area is  inst/chorus_internals/interp_f : 0 0 : 2254 2254 : Used 1 time 0
 Sort Area is  inst/chorus_internals/depth_scaled_4 : 0 0 : 1440 1440 : Used 1 time 0
 Sort Area is  inst/chorus_internals/depth_term_9 : 0 0 : 916 916 : Used 1 time 0
---------------------------------------------------------------------------------
Start ROM, RAM, DSP, Shift Register and Retiming Reporting
---------------------------------------------------------------------------------

Block RAM: Preliminary Mapping Report (see note below)
+--------------------------------+--------------------------------------+------------------------+---+---+------------------------+---+---+------------------+--------+--------+
|Module Name                     | RTL Object                           | PORT A (Depth x Width) | W | R | PORT B (Depth x Width) | W | R | Ports driving FF | RAMB18 | RAMB36 | 
+--------------------------------+--------------------------------------+------------------------+---+---+------------------------+---+---+------------------+--------+--------+
|design_1_chorus_axi_wrapper_0_0 | inst/chorus_internals/sample_buf_reg | 2 K x 24(READ_FIRST)   | W |   | 2 K x 24(WRITE_FIRST)  |   | R | Port A and B     | 1      | 1      | 
+--------------------------------+--------------------------------------+------------------------+---+---+------------------------+---+---+------------------+--------+--------+

Note: The table above is a preliminary report that shows the Block RAMs at the current stage of the synthesis flow. Some Block RAMs may be reimplemented as non Block RAM primitives later in the synthesis flow. Multiple instantiated Block RAMs are reported only once. 

DSP: Preliminary Mapping Report (see note below. The ' indicates corresponding REG is set)
+--------------------------------+---------------------+--------+--------+--------+--------+--------+------+------+------+------+-------+------+------+
|Module Name                     | DSP Mapping         | A Size | B Size | C Size | D Size | P Size | AREG | BREG | CREG | DREG | ADREG | MREG | PREG | 
+--------------------------------+---------------------+--------+--------+--------+--------+--------+------+------+------+------+-------+------+------+
|chorus                          | (A:0x7ec8ec)*B      | 24     | 17     | -      | -      | 48     | 0    | 0    | -    | -    | -     | 0    | 0    | 
|chorus                          | A2*B                | 24     | 17     | -      | -      | 41     | 1    | 0    | -    | -    | -     | 0    | 0    | 
|chorus                          | (A:0x7ae14)*B       | 20     | 17     | -      | -      | 38     | 0    | 0    | -    | -    | -     | 0    | 0    | 
|chorus                          | (D'-A2)*B2          | 24     | 13     | -      | 24     | 38     | 1    | 1    | -    | 1    | 0     | 0    | 0    | 
|design_1_chorus_axi_wrapper_0_0 | (D'+A)*B            | 25     | 4      | -      | 24     | 48     | 0    | 0    | -    | 1    | 1     | 0    | 0    | 
|design_1_chorus_axi_wrapper_0_0 | (D'+A)*B            | 25     | 18     | -      | 24     | 48     | 0    | 0    | -    | 1    | 1     | 0    | 0    | 
|design_1_chorus_axi_wrapper_0_0 | (PCIN>>17)+(D'+A)*B | 25     | 18     | -      | 24     | 48     | 0    | 0    | -    | 1    | 1     | 0    | 0    | 
|chorus                          | C+(A:0x4ccccd)*B    | 24     | 17     | 40     | -      | 40     | 0    | 0    | 0    | -    | -     | 0    | 0    | 
|chorus                          | A2*B                | 24     | 14     | -      | -      | 38     | 1    | 0    | -    | -    | -     | 0    | 0    | 
|design_1_chorus_axi_wrapper_0_0 | C+A2*B''            | 24     | 13     | 36     | -      | 36     | 1    | 2    | 0    | -    | -     | 0    | 0    | 
|chorus                          | C+A2*B              | 24     | 17     | 40     | -      | 40     | 1    | 0    | 0    | -    | -     | 0    | 0    | 
+--------------------------------+---------------------+--------+--------+--------+--------+--------+------+------+------+------+-------+------+------+

Note: The table above is a preliminary report that shows the DSPs inferred at the current stage of the synthesis flow. Some DSP may be reimplemented as non DSP primitives later in the synthesis flow. Multiple instantiated DSPs are reported only once.
---------------------------------------------------------------------------------
Finished ROM, RAM, DSP, Shift Register and Retiming Reporting
---------------------------------------------------------------------------------
No constraint files found.
---------------------------------------------------------------------------------
Start Timing Optimization
---------------------------------------------------------------------------------
---------------------------------------------------------------------------------
Finished Timing Optimization : Time (s): cpu = 00:00:24 ; elapsed = 00:00:25 . Memory (MB): peak = 1586.980 ; gain = 783.953
---------------------------------------------------------------------------------
---------------------------------------------------------------------------------
Start ROM, RAM, DSP, Shift Register and Retiming Reporting
---------------------------------------------------------------------------------

Block RAM: Final Mapping Report
+--------------------------------+--------------------------------------+------------------------+---+---+------------------------+---+---+------------------+--------+--------+
|Module Name                     | RTL Object                           | PORT A (Depth x Width) | W | R | PORT B (Depth x Width) | W | R | Ports driving FF | RAMB18 | RAMB36 | 
+--------------------------------+--------------------------------------+------------------------+---+---+------------------------+---+---+------------------+--------+--------+
|design_1_chorus_axi_wrapper_0_0 | inst/chorus_internals/sample_buf_reg | 2 K x 24(READ_FIRST)   | W |   | 2 K x 24(WRITE_FIRST)  |   | R | Port A and B     | 1      | 1      | 
+--------------------------------+--------------------------------------+------------------------+---+---+------------------------+---+---+------------------+--------+--------+

---------------------------------------------------------------------------------
Finished ROM, RAM, DSP, Shift Register and Retiming Reporting
---------------------------------------------------------------------------------
---------------------------------------------------------------------------------
Start Technology Mapping
---------------------------------------------------------------------------------
INFO: [Synth 8-7052] The timing for the instance inst/chorus_internals/sine_q_reg (implemented as a Block RAM) might be sub-optimal as no optional output register could be merged into the ram block. Providing additional output register may help in improving timing.
INFO: [Synth 8-7052] The timing for the instance inst/chorus_internals/sample_buf_reg_0 (implemented as a Block RAM) might be sub-optimal as no optional output register could be merged into the ram block. Providing additional output register may help in improving timing.
INFO: [Synth 8-7052] The timing for the instance inst/chorus_internals/sample_buf_reg_1 (implemented as a Block RAM) might be sub-optimal as no optional output register could be merged into the ram block. Providing additional output register may help in improving timing.
---------------------------------------------------------------------------------
Finished Technology Mapping : Time (s): cpu = 00:00:24 ; elapsed = 00:00:25 . Memory (MB): peak = 1587.004 ; gain = 783.977
---------------------------------------------------------------------------------
---------------------------------------------------------------------------------
Start IO Insertion
---------------------------------------------------------------------------------
---------------------------------------------------------------------------------
Start Flattening Before IO Insertion
---------------------------------------------------------------------------------
---------------------------------------------------------------------------------
Finished Flattening Before IO Insertion
---------------------------------------------------------------------------------
---------------------------------------------------------------------------------
Start Final Netlist Cleanup
---------------------------------------------------------------------------------
---------------------------------------------------------------------------------
Finished Final Netlist Cleanup
---------------------------------------------------------------------------------
---------------------------------------------------------------------------------
Finished IO Insertion : Time (s): cpu = 00:00:29 ; elapsed = 00:00:30 . Memory (MB): peak = 1837.684 ; gain = 1034.656
---------------------------------------------------------------------------------
---------------------------------------------------------------------------------
Start Renaming Generated Instances
---------------------------------------------------------------------------------
---------------------------------------------------------------------------------
Finished Renaming Generated Instances : Time (s): cpu = 00:00:29 ; elapsed = 00:00:30 . Memory (MB): peak = 1837.684 ; gain = 1034.656
---------------------------------------------------------------------------------
---------------------------------------------------------------------------------
Start Rebuilding User Hierarchy
---------------------------------------------------------------------------------
---------------------------------------------------------------------------------
Finished Rebuilding User Hierarchy : Time (s): cpu = 00:00:29 ; elapsed = 00:00:30 . Memory (MB): peak = 1837.684 ; gain = 1034.656
---------------------------------------------------------------------------------
---------------------------------------------------------------------------------
Start Renaming Generated Ports
---------------------------------------------------------------------------------
---------------------------------------------------------------------------------
Finished Renaming Generated Ports : Time (s): cpu = 00:00:29 ; elapsed = 00:00:30 . Memory (MB): peak = 1837.684 ; gain = 1034.656
---------------------------------------------------------------------------------
---------------------------------------------------------------------------------
Start Handling Custom Attributes
---------------------------------------------------------------------------------
---------------------------------------------------------------------------------
Finished Handling Custom Attributes : Time (s): cpu = 00:00:29 ; elapsed = 00:00:30 . Memory (MB): peak = 1837.684 ; gain = 1034.656
---------------------------------------------------------------------------------
---------------------------------------------------------------------------------
Start Renaming Generated Nets
---------------------------------------------------------------------------------
---------------------------------------------------------------------------------
Finished Renaming Generated Nets : Time (s): cpu = 00:00:29 ; elapsed = 00:00:30 . Memory (MB): peak = 1837.684 ; gain = 1034.656
---------------------------------------------------------------------------------
---------------------------------------------------------------------------------
Start Writing Synthesis Report
---------------------------------------------------------------------------------

DSP Final Report (the ' indicates corresponding REG is set)
+--------------------------------+--------------------+--------+--------+--------+--------+--------+------+------+------+------+-------+------+------+
|Module Name                     | DSP Mapping        | A Size | B Size | C Size | D Size | P Size | AREG | BREG | CREG | DREG | ADREG | MREG | PREG | 
+--------------------------------+--------------------+--------+--------+--------+--------+--------+------+------+------+------+-------+------+------+
|chorus                          | A*B                | 23     | 16     | -      | -      | 48     | 0    | 0    | -    | -    | -     | 0    | 0    | 
|chorus                          | A'*B               | 30     | 16     | -      | -      | 41     | 1    | 0    | -    | -    | -     | 0    | 0    | 
|chorus                          | A*B                | 19     | 16     | -      | -      | 38     | 0    | 0    | -    | -    | -     | 0    | 0    | 
|chorus                          | D'-A'*B''          | 30     | 12     | -      | 25     | 38     | 1    | 2    | -    | 1    | 0     | 0    | 0    | 
|design_1_chorus_axi_wrapper_0_0 | (D'+A)'*B          | 30     | 18     | -      | 25     | 48     | 0    | 0    | -    | 1    | 1     | 0    | 0    | 
|design_1_chorus_axi_wrapper_0_0 | (D'+A)'*B          | 30     | 17     | -      | 25     | 48     | 0    | 0    | -    | 1    | 1     | 0    | 0    | 
|design_1_chorus_axi_wrapper_0_0 | PCIN>>17+(D'+A)'*B | 30     | 17     | -      | 25     | 48     | 0    | 0    | -    | 1    | 1     | 0    | 0    | 
|chorus                          | C+A*B              | 23     | 16     | 48     | -      | 40     | 0    | 0    | 0    | -    | -     | 0    | 0    | 
|chorus                          | A'*B               | 30     | 13     | -      | -      | 38     | 1    | 0    | -    | -    | -     | 0    | 0    | 
|design_1_chorus_axi_wrapper_0_0 | C+A'*B''           | 30     | 12     | 48     | -      | 36     | 1    | 2    | 0    | -    | -     | 0    | 0    | 
|chorus                          | (C+A'*B)'          | 30     | 16     | 48     | -      | 40     | 1    | 0    | 0    | -    | -     | 0    | 1    | 
+--------------------------------+--------------------+--------+--------+--------+--------+--------+------+------+------+------+-------+------+------+


Report BlackBoxes: 
+-+--------------+----------+
| |BlackBox name |Instances |
+-+--------------+----------+
+-+--------------+----------+

Report Cell Usage: 
+------+---------+------+
|      |Cell     |Count |
+------+---------+------+
|1     |CARRY4   |    54|
|2     |DSP48E1  |    11|
|3     |LUT1     |    34|
|4     |LUT2     |   224|
|5     |LUT3     |    19|
|6     |LUT4     |    20|
|7     |LUT5     |    14|
|8     |LUT6     |    63|
|9     |RAMB18E1 |     1|
|10    |RAMB36E1 |     2|
|11    |FDRE     |   297|
+------+---------+------+
---------------------------------------------------------------------------------
Finished Writing Synthesis Report : Time (s): cpu = 00:00:29 ; elapsed = 00:00:30 . Memory (MB): peak = 1837.684 ; gain = 1034.656
---------------------------------------------------------------------------------
Synthesis finished with 0 errors, 0 critical warnings and 1 warnings.
Synthesis Optimization Runtime : Time (s): cpu = 00:00:18 ; elapsed = 00:00:28 . Memory (MB): peak = 1837.684 ; gain = 1000.629
Synthesis Optimization Complete : Time (s): cpu = 00:00:29 ; elapsed = 00:00:30 . Memory (MB): peak = 1838.664 ; gain = 1034.656
INFO: [Project 1-571] Translating synthesized netlist
Netlist sorting complete. Time (s): cpu = 00:00:00 ; elapsed = 00:00:00.007 . Memory (MB): peak = 1850.773 ; gain = 0.000
INFO: [Netlist 29-17] Analyzing 68 Unisim elements for replacement
INFO: [Netlist 29-28] Unisim Transformation completed in 0 CPU seconds
INFO: [Project 1-570] Preparing netlist for logic optimization
INFO: [Opt 31-138] Pushed 0 inverter(s) to 0 load pin(s).
Netlist sorting complete. Time (s): cpu = 00:00:00 ; elapsed = 00:00:00.001 . Memory (MB): peak = 1951.727 ; gain = 0.000
INFO: [Project 1-111] Unisim Transformation Summary:
No Unisim elements were transformed.

Synth Design complete | Checksum: aba67a7e
INFO: [Common 17-83] Releasing license: Vivado_Synthesis
50 Infos, 6 Warnings, 0 Critical Warnings and 0 Errors encountered.
synth_design completed successfully
synth_design: Time (s): cpu = 00:00:34 ; elapsed = 00:00:36 . Memory (MB): peak = 1951.766 ; gain = 1344.445
Write ShapeDB Complete: Time (s): cpu = 00:00:00 ; elapsed = 00:00:00.003 . Memory (MB): peak = 1951.766 ; gain = 0.000
INFO: [Common 17-1381] The checkpoint 'C:/Users/cargi/Documents/1Fa26/SD/digital_effects_2026-1/digital_effects_2026-1.runs/design_1_chorus_axi_wrapper_0_0_synth_1/design_1_chorus_axi_wrapper_0_0.dcp' has been generated.
INFO: [Ipptcl 7-1612] Added synthesis output to IP cache for IP design_1_chorus_axi_wrapper_0_0, cache-ID = 643fa49f2e7a90ac
INFO: [Coretcl 2-1174] Renamed 3 cell refs.
Write ShapeDB Complete: Time (s): cpu = 00:00:00 ; elapsed = 00:00:00.002 . Memory (MB): peak = 1951.766 ; gain = 0.000
INFO: [Common 17-1381] The checkpoint 'C:/Users/cargi/Documents/1Fa26/SD/digital_effects_2026-1/digital_effects_2026-1.runs/design_1_chorus_axi_wrapper_0_0_synth_1/design_1_chorus_axi_wrapper_0_0.dcp' has been generated.
INFO: [Vivado 12-24828] Executing command : report_utilization -file design_1_chorus_axi_wrapper_0_0_utilization_synth.rpt -pb design_1_chorus_axi_wrapper_0_0_utilization_synth.pb
INFO: [Common 17-206] Exiting Vivado at Fri Oct  9 08:25:24 2026...
